Component: ARM Compiler 5.06 update 7 (build 960) Tool: armlink [4d3601]

==============================================================================

Section Cross References

    startup_stm32f103xb.o(RESET) refers to startup_stm32f103xb.o(STACK) for __initial_sp
    startup_stm32f103xb.o(RESET) refers to startup_stm32f103xb.o(.text) for Reset_Handler
    startup_stm32f103xb.o(RESET) refers to stm32f1xx_it.o(i.NMI_Handler) for NMI_Handler
    startup_stm32f103xb.o(RESET) refers to stm32f1xx_it.o(i.HardFault_Handler) for HardFault_Handler
    startup_stm32f103xb.o(RESET) refers to stm32f1xx_it.o(i.MemManage_Handler) for MemManage_Handler
    startup_stm32f103xb.o(RESET) refers to stm32f1xx_it.o(i.BusFault_Handler) for BusFault_Handler
    startup_stm32f103xb.o(RESET) refers to stm32f1xx_it.o(i.UsageFault_Handler) for UsageFault_Handler
    startup_stm32f103xb.o(RESET) refers to port.o(.emb_text) for SVC_Handler
    startup_stm32f103xb.o(RESET) refers to stm32f1xx_it.o(i.DebugMon_Handler) for DebugMon_Handler
    startup_stm32f103xb.o(RESET) refers to port.o(i.SysTick_Handler) for SysTick_Handler
    startup_stm32f103xb.o(RESET) refers to stm32f1xx_it.o(i.DMA1_Channel2_IRQHandler) for DMA1_Channel2_IRQHandler
    startup_stm32f103xb.o(RESET) refers to stm32f1xx_it.o(i.DMA1_Channel3_IRQHandler) for DMA1_Channel3_IRQHandler
    startup_stm32f103xb.o(RESET) refers to stm32f1xx_it.o(i.EXTI9_5_IRQHandler) for EXTI9_5_IRQHandler
    startup_stm32f103xb.o(RESET) refers to stm32f1xx_it.o(i.TIM1_UP_IRQHandler) for TIM1_UP_IRQHandler
    startup_stm32f103xb.o(RESET) refers to stm32f1xx_it.o(i.TIM3_IRQHandler) for TIM3_IRQHandler
    startup_stm32f103xb.o(RESET) refers to stm32f1xx_it.o(i.USART3_IRQHandler) for USART3_IRQHandler
    startup_stm32f103xb.o(.text) refers to system_stm32f1xx.o(i.SystemInit) for SystemInit
    startup_stm32f103xb.o(.text) refers to entry.o(.ARM.Collect$$$$00000000) for __main
    main.o(i.HAL_TIM_PeriodElapsedCallback) refers to stm32f1xx_hal.o(i.HAL_IncTick) for HAL_IncTick
    main.o(i.SystemClock_Config) refers to memseta.o(.text) for __aeabi_memclr4
    main.o(i.SystemClock_Config) refers to stm32f1xx_hal_rcc.o(i.HAL_RCC_OscConfig) for HAL_RCC_OscConfig
    main.o(i.SystemClock_Config) refers to main.o(i.Error_Handler) for Error_Handler
    main.o(i.SystemClock_Config) refers to stm32f1xx_hal_rcc.o(i.HAL_RCC_ClockConfig) for HAL_RCC_ClockConfig
    main.o(i.fgetc) refers to stm32f1xx_hal_uart.o(i.HAL_UART_Receive) for HAL_UART_Receive
    main.o(i.fgetc) refers to usart.o(.bss) for huart3
    main.o(i.main) refers to stm32f1xx_hal.o(i.HAL_Init) for HAL_Init
    main.o(i.main) refers to main.o(i.SystemClock_Config) for SystemClock_Config
    main.o(i.main) refers to gpio.o(i.MX_GPIO_Init) for MX_GPIO_Init
    main.o(i.main) refers to usart.o(i.MX_USART1_UART_Init) for MX_USART1_UART_Init
    main.o(i.main) refers to tim.o(i.MX_TIM2_Init) for MX_TIM2_Init
    main.o(i.main) refers to tim.o(i.MX_TIM3_Init) for MX_TIM3_Init
    main.o(i.main) refers to tim.o(i.MX_TIM4_Init) for MX_TIM4_Init
    main.o(i.main) refers to dma.o(i.MX_DMA_Init) for MX_DMA_Init
    main.o(i.main) refers to usart.o(i.MX_USART3_UART_Init) for MX_USART3_UART_Init
    main.o(i.main) refers to my_usart.o(i.User_USART_Init) for User_USART_Init
    main.o(i.main) refers to stm32f1xx_hal_uart.o(i.HAL_UART_Receive_DMA) for HAL_UART_Receive_DMA
    main.o(i.main) refers to stm32f1xx_hal_tim.o(i.HAL_TIM_PWM_Start) for HAL_TIM_PWM_Start
    main.o(i.main) refers to stm32f1xx_hal_tim.o(i.HAL_TIM_PWM_Start_IT) for HAL_TIM_PWM_Start_IT
    main.o(i.main) refers to stm32f1xx_hal_tim.o(i.HAL_TIM_Encoder_Start) for HAL_TIM_Encoder_Start
    main.o(i.main) refers to freertos.o(i.MX_FREERTOS_Init) for MX_FREERTOS_Init
    main.o(i.main) refers to cmsis_os.o(i.osKernelStart) for osKernelStart
    main.o(i.main) refers to my_usart.o(.bss) for BT_Data
    main.o(i.main) refers to usart.o(.bss) for huart3
    main.o(i.main) refers to tim.o(.bss) for htim3
    gpio.o(i.MX_GPIO_Init) refers to stm32f1xx_hal_gpio.o(i.HAL_GPIO_WritePin) for HAL_GPIO_WritePin
    gpio.o(i.MX_GPIO_Init) refers to stm32f1xx_hal_gpio.o(i.HAL_GPIO_Init) for HAL_GPIO_Init
    gpio.o(i.MX_GPIO_Init) refers to stm32f1xx_hal_cortex.o(i.HAL_NVIC_SetPriority) for HAL_NVIC_SetPriority
    gpio.o(i.MX_GPIO_Init) refers to stm32f1xx_hal_cortex.o(i.HAL_NVIC_EnableIRQ) for HAL_NVIC_EnableIRQ
    freertos.o(i.MX_FREERTOS_Init) refers to memcpya.o(.text) for __aeabi_memcpy4
    freertos.o(i.MX_FREERTOS_Init) refers to cmsis_os.o(i.osThreadCreate) for osThreadCreate
    freertos.o(i.MX_FREERTOS_Init) refers to freertos.o(.constdata) for .constdata
    freertos.o(i.MX_FREERTOS_Init) refers to freertos.o(.data) for Task_200HZHandle
    freertos.o(i.StartTask_100HZ) refers to car_task.o(i.Car_Task_100HZ) for Car_Task_100HZ
    freertos.o(i.StartTask_100HZ) refers to stm32f1xx_hal_gpio.o(i.HAL_GPIO_TogglePin) for HAL_GPIO_TogglePin
[...]
    xMinimumEverFreeBytesRemaining           0x20000070   Data           4  heap_4.o(.data)
    xBlockAllocatedBit                       0x20000074   Data           4  heap_4.o(.data)
    .data                                    0x20000078   Section       12  port.o(.data)
    uxCriticalNesting                        0x20000078   Data           4  port.o(.data)
    ucMaxSysCallPriority                     0x2000007c   Data           1  port.o(.data)
    ulMaxPRIGROUPValue                       0x20000080   Data           4  port.o(.data)
    .data                                    0x20000084   Section       52  car_task.o(.data)
    .data                                    0x200000b8   Section       60  control.o(.data)
    Velocity                                 0x200000e4   Data           4  control.o(.data)
    Encoder_Least                            0x200000e8   Data           4  control.o(.data)
    Encoder                                  0x200000ec   Data           4  control.o(.data)
    Encoder_Integral                         0x200000f0   Data           4  control.o(.data)
    .data                                    0x200000f4   Section       24  echo.o(.data)
    .data                                    0x2000010c   Section       53  inv_mpu.o(.data)
    st                                       0x2000010c   Data          44  inv_mpu.o(.data)
    gyro_orientation                         0x20000138   Data           9  inv_mpu.o(.data)
    .data                                    0x20000144   Section        4  stdout.o(.data)
    .data                                    0x20000148   Section        4  errno.o(.data)
    _errno                                   0x20000148   Data           4  errno.o(.data)
    .bss                                     0x2000014c   Section      596  freertos.o(.bss)
    xIdleTaskTCBBuffer                       0x2000014c   Data          84  freertos.o(.bss)
    xIdleStack                               0x200001a0   Data         512  freertos.o(.bss)
    .bss                                     0x200003a0   Section      216  tim.o(.bss)
    .bss                                     0x20000478   Section      280  usart.o(.bss)
    .bss                                     0x20000590   Section       72  stm32f1xx_hal_timebase_tim.o(.bss)
    .bss                                     0x200005d8   Section      240  tasks.o(.bss)
    pxReadyTasksLists                        0x200005d8   Data         140  tasks.o(.bss)
    xDelayedTaskList1                        0x20000664   Data          20  tasks.o(.bss)
    xDelayedTaskList2                        0x20000678   Data          20  tasks.o(.bss)
    xPendingReadyList                        0x2000068c   Data          20  tasks.o(.bss)
    xTasksWaitingTermination                 0x200006a0   Data          20  tasks.o(.bss)
    xSuspendedTaskList                       0x200006b4   Data          20  tasks.o(.bss)
    .bss                                     0x200006c8   Section     3072  heap_4.o(.bss)
    ucHeap                                   0x200006c8   Data        3072  heap_4.o(.bss)
    .bss                                     0x200012c8   Section       24  car_task.o(.bss)
    .bss                                     0x200012e0   Section       40  my_usart.o(.bss)
    .bss                                     0x20001308   Section       16  inv_mpu_dmp_motion_driver.o(.bss)
    dmp                                      0x20001308   Data          16  inv_mpu_dmp_motion_driver.o(.bss)
    STACK                                    0x20001318   Section     1024  startup_stm32f103xb.o(STACK)

    Global Symbols

    Symbol Name                              Value     Ov Type        Size  Object(Section)

    BuildAttributes$$THM_ISAv4$P$D$K$B$S$PE$A:L22UL41UL21$X:L11$S22US41US21$IEEE1$IW$USESV6$~STKCKD$USESV7$~SHL$OTIME$ROPI$IEEEX$EBA8$MICROLIB$REQ8$PRES8$EABIv2 0x00000000   Number         0  anon$$obj.o ABSOLUTE
    __ARM_use_no_argv                        0x00000000   Number         0  main.o ABSOLUTE
    _printf_a                                0x00000000   Number         0  stubs.o ABSOLUTE
    _printf_c                                0x00000000   Number         0  stubs.o ABSOLUTE
    _printf_charcount                        0x00000000   Number         0  stubs.o ABSOLUTE
    _printf_d                                0x00000000   Number         0  stubs.o ABSOLUTE
    _printf_e                                0x00000000   Number         0  stubs.o ABSOLUTE
    _printf_f                                0x00000000   Number         0  stubs.o ABSOLUTE
    _printf_flags                            0x00000000   Number         0  stubs.o ABSOLUTE
    _printf_fp_dec                           0x00000000   Number         0  stubs.o ABSOLUTE
    _printf_fp_hex                           0x00000000   Number         0  stubs.o ABSOLUTE
    _printf_g                                0x00000000   Number         0  stubs.o ABSOLUTE
    _printf_i                                0x00000000   Number         0  stubs.o ABSOLUTE
    _printf_int_dec                          0x00000000   Number         0  stubs.o ABSOLUTE
    _printf_l                                0x00000000   Number         0  stubs.o ABSOLUTE
    _printf_lc                               0x00000000   Number         0  stubs.o ABSOLUTE
    _printf_ll                               0x00000000   Number         0  stubs.o ABSOLUTE
    _printf_lld                              0x00000000   Number         0  stubs.o ABSOLUTE
    _printf_lli                              0x00000000   Number         0  stubs.o ABSOLUTE
    _printf_llo                              0x00000000   Number         0  stubs.o ABSOLUTE
    _printf_llu                              0x00000000   Number         0  stubs.o ABSOLUTE
    _printf_llx                              0x00000000   Number         0  stubs.o ABSOLUTE
    _printf_longlong_dec                     0x00000000   Number         0  stubs.o ABSOLUTE
    _printf_longlong_hex                     0x00000000   Number         0  stubs.o ABSOLUTE
    _printf_longlong_oct                     0x00000000   Number         0  stubs.o ABSOLUTE
    _printf_ls                               0x00000000   Number         0  stubs.o ABSOLUTE
    _printf_mbtowc                           0x00000000   Number         0  stubs.o ABSOLUTE
    _printf_n                                0x00000000   Number         0  stubs.o ABSOLUTE
    _printf_o                                0x00000000   Number         0  stubs.o ABSOLUTE
    _printf_p                                0x00000000   Number         0  stubs.o ABSOLUTE
    _printf_percent                          0x00000000   Number         0  stubs.o ABSOLUTE
    _printf_pre_padding                      0x00000000   Number         0  stubs.o ABSOLUTE
    _printf_return_value                     0x00000000   Number         0  stubs.o ABSOLUTE
    _printf_s                                0x00000000   Number         0  stubs.o ABSOLUTE
    _printf_sizespec                         0x00000000   Number         0  stubs.o ABSOLUTE
    _printf_str                              0x00000000   Number         0  stubs.o ABSOLUTE
    _printf_truncate_signed                  0x00000000   Number         0  stubs.o ABSOLUTE
    _printf_truncate_unsigned                0x00000000   Number         0  stubs.o ABSOLUTE
    _printf_u                                0x00000000   Number         0  stubs.o ABSOLUTE
    _printf_wc                               0x00000000   Number         0  stubs.o ABSOLUTE
    _printf_wctomb                           0x00000000   Number         0  stubs.o ABSOLUTE
    _printf_widthprec                        0x00000000   Number         0  stubs.o ABSOLUTE
    _printf_x                                0x00000000   Number         0  stubs.o ABSOLUTE
    __arm_fini_                               - Undefined Weak Reference
    __cpp_initialize__aeabi_                  - Undefined Weak Reference
    __cxa_finalize                            - Undefined Weak Reference
    _clock_init                               - Undefined Weak Reference
    _microlib_exit                            - Undefined Weak Reference
    __Vectors_Size                           0x000000ec   Number         0  startup_stm32f103xb.o ABSOLUTE
    __Vectors                                0x08000000   Data           4  startup_stm32f103xb.o(RESET)
    __Vectors_End                            0x080000ec   Data           0  startup_stm32f103xb.o(RESET)
    __main                                   0x080000ed   Thumb Code     0  entry.o(.ARM.Collect$$$$00000000)
    _main_stk                                0x080000ed   Thumb Code     0  entry2.o(.ARM.Collect$$$$00000001)
    _main_scatterload                        0x080000f1   Thumb Code     0  entry5.o(.ARM.Collect$$$$00000004)
    __main_after_scatterload                 0x080000f5   Thumb Code     0  entry5.o(.ARM.Collect$$$$00000004)
    _main_clock                              0x080000f5   Thumb Code     0  entry7b.o(.ARM.Collect$$$$00000008)
    _main_cpp_init                           0x080000f5   Thumb Code     0  entry8b.o(.ARM.Collect$$$$0000000A)
    _main_init                               0x080000f5   Thumb Code     0  entry9a.o(.ARM.Collect$$$$0000000B)
    __rt_lib_shutdown_fini                   0x080000fd   Thumb Code     0  entry12b.o(.ARM.Collect$$$$0000000E)
    __rt_final_cpp                           0x08000101   Thumb Code     0  entry10a.o(.ARM.Collect$$$$0000000F)
    __rt_final_exit                          0x08000101   Thumb Code     0  entry11a.o(.ARM.Collect$$$$00000011)
    SVC_Handler                              0x08000105   Thumb Code    32  port.o(.emb_text)
    __asm___6_port_c_39a90d8d__prvStartFirstTask 0x08000129   Thumb Code    28  port.o(.emb_text)
    PendSV_Handler                           0x08000149   Thumb Code    72  port.o(.emb_text)
    vPortGetIPSR                             0x08000195   Thumb Code     6  port.o(.emb_text)
    Reset_Handler                            0x0800019d   Thumb Code     8  startup_stm32f103xb.o(.text)
    ADC1_2_IRQHandler                        0x080001b7   Thumb Code     0  startup_stm32f103xb.o(.text)
    CAN1_RX1_IRQHandler                      0x080001b7   Thumb Code     0  startup_stm32f103xb.o(.text)
    CAN1_SCE_IRQHandler                      0x080001b7   Thumb Code     0  startup_stm32f103xb.o(.text)
    DMA1_Channel1_IRQHandler                 0x080001b7   Thumb Code     0  startup_stm32f103xb.o(.text)
    DMA1_Channel4_IRQHandler                 0x080001b7   Thumb Code     0  startup_stm32f103xb.o(.text)
    DMA1_Channel5_IRQHandler                 0x080001b7   Thumb Code     0  startup_stm32f103xb.o(.text)
    DMA1_Channel6_IRQHandler                 0x080001b7   Thumb Code     0  startup_stm32f103xb.o(.text)
    DMA1_Channel7_IRQHandler                 0x080001b7   Thumb Code     0  startup_stm32f103xb.o(.text)
    EXTI0_IRQHandler                         0x080001b7   Thumb Code     0  startup_stm32f103xb.o(.text)
    EXTI15_10_IRQHandler                     0x080001b7   Thumb Code     0  startup_stm32f103xb.o(.text)
    EXTI1_IRQHandler                         0x080001b7   Thumb Code     0  startup_stm32f103xb.o(.text)
    EXTI2_IRQHandler                         0x080001b7   Thumb Code     0  startup_stm32f103xb.o(.text)
    EXTI3_IRQHandler                         0x080001b7   Thumb Code     0  startup_stm32f103xb.o(.text)
    EXTI4_IRQHandler                         0x080001b7   Thumb Code     0  startup_stm32f103xb.o(.text)
    FLASH_IRQHandler                         0x080001b7   Thumb Code     0  startup_stm32f103xb.o(.text)
    I2C1_ER_IRQHandler                       0x080001b7   Thumb Code     0  startup_stm32f103xb.o(.text)
    I2C1_EV_IRQHandler                       0x080001b7   Thumb Code     0  startup_stm32f103xb.o(.text)
    I2C2_ER_IRQHandler                       0x080001b7   Thumb Code     0  startup_stm32f103xb.o(.text)
    I2C2_EV_IRQHandler                       0x080001b7   Thumb Code     0  startup_stm32f103xb.o(.text)
    PVD_IRQHandler                           0x080001b7   Thumb Code     0  startup_stm32f103xb.o(.text)
    RCC_IRQHandler                           0x080001b7   Thumb Code     0  startup_stm32f103xb.o(.text)
    RTC_Alarm_IRQHandler                     0x080001b7   Thumb Code     0  startup_stm32f103xb.o(.text)
    RTC_IRQHandler                           0x080001b7   Thumb Code     0  startup_stm32f103xb.o(.text)
    SPI1_IRQHandler                          0x080001b7   Thumb Code     0  startup_stm32f103xb.o(.text)
    SPI2_IRQHandler                          0x080001b7   Thumb Code     0  startup_stm32f103xb.o(.text)
    TAMPER_IRQHandler                        0x080001b7   Thumb Code     0  startup_stm32f103xb.o(.text)
    TIM1_BRK_IRQHandler                      0x080001b7   Thumb Code     0  startup_stm32f103xb.o(.text)
    TIM1_CC_IRQHandler                       0x080001b7   Thumb Code     0  startup_stm32f103xb.o(.text)
    TIM1_TRG_COM_IRQHandler                  0x080001b7   Thumb Code     0  startup_stm32f103xb.o(.text)
    TIM2_IRQHandler                          0x080001b7   Thumb Code     0  startup_stm32f103xb.o(.text)
    TIM4_IRQHandler                          0x080001b7   Thumb Code     0  startup_stm32f103xb.o(.text)
    USART1_IRQHandler                        0x080001b7   Thumb Code     0  startup_stm32f103xb.o(.text)
    USART2_IRQHandler                        0x080001b7   Thumb Code     0  startup_stm32f103xb.o(.text)
    USBWakeUp_IRQHandler                     0x080001b7   Thumb Code     0  startup_stm32f103xb.o(.text)
    USB_HP_CAN1_TX_IRQHandler                0x080001b7   Thumb Code     0  startup_stm32f103xb.o(.text)
    USB_LP_CAN1_RX0_IRQHandler               0x080001b7   Thumb Code     0  startup_stm32f103xb.o(.text)
    WWDG_IRQHandler                          0x080001b7   Thumb Code     0  startup_stm32f103xb.o(.text)
    __aeabi_ldivmod                          0x080001c1   Thumb Code    98  ldiv.o(.text)
    __aeabi_llsr                             0x08000223   Thumb Code    32  llushr.o(.text)
    _ll_ushift_r                             0x08000223   Thumb Code     0  llushr.o(.text)
    __aeabi_memcpy                           0x08000243   Thumb Code    36  memcpya.o(.text)
    __aeabi_memcpy4                          0x08000243   Thumb Code     0  memcpya.o(.text)
    __aeabi_memcpy8                          0x08000243   Thumb Code     0  memcpya.o(.text)
    __aeabi_memset                           0x08000267   Thumb Code    14  memseta.o(.text)
    __aeabi_memset4                          0x08000267   Thumb Code     0  memseta.o(.text)
    __aeabi_memset8                          0x08000267   Thumb Code     0  memseta.o(.text)
    __aeabi_memclr                           0x08000275   Thumb Code     4  memseta.o(.text)
    __aeabi_memclr4                          0x08000275   Thumb Code     0  memseta.o(.text)
    __aeabi_memclr8                          0x08000275   Thumb Code     0  memseta.o(.text)
    memset                                   0x08000279   Thumb Code    18  memseta.o(.text)
    memcmp                                   0x0800028b   Thumb Code    26  memcmp.o(.text)
    __aeabi_fadd                             0x080002a5   Thumb Code   164  fadd.o(.text)
    __aeabi_fsub                             0x08000349   Thumb Code     6  fadd.o(.text)
    __aeabi_frsub                            0x0800034f   Thumb Code     6  fadd.o(.text)
    __aeabi_fmul                             0x08000355   Thumb Code   100  fmul.o(.text)
    __aeabi_fdiv                             0x080003b9   Thumb Code   124  fdiv.o(.text)
    __aeabi_dadd                             0x08000435   Thumb Code   322  dadd.o(.text)
    __aeabi_dsub                             0x08000577   Thumb Code     6  dadd.o(.text)
    __aeabi_drsub                            0x0800057d   Thumb Code     6  dadd.o(.text)
    __aeabi_dmul                             0x08000583   Thumb Code   228  dmul.o(.text)
    __aeabi_ddiv                             0x08000667   Thumb Code   222  ddiv.o(.text)
    __aeabi_i2f                              0x08000745   Thumb Code    18  fflti.o(.text)
    __aeabi_ui2f                             0x08000757   Thumb Code    10  ffltui.o(.text)
    __aeabi_i2d                              0x08000761   Thumb Code    34  dflti.o(.text)
    __aeabi_f2iz                             0x08000783   Thumb Code    50  ffixi.o(.text)
    __aeabi_f2uiz                            0x080007b5   Thumb Code    40  ffixui.o(.text)
    __aeabi_d2iz                             0x080007dd   Thumb Code    62  dfixi.o(.text)
    __aeabi_d2uiz                            0x0800081b   Thumb Code    50  dfixui.o(.text)
    __aeabi_f2d                              0x0800084d   Thumb Code    38  f2d.o(.text)
    __aeabi_cdrcmple                         0x08000875   Thumb Code    48  cdrcmple.o(.text)
    __aeabi_d2f                              0x080008a5   Thumb Code    56  d2f.o(.text)
    __aeabi_cfcmpeq                          0x080008dd   Thumb Code     0  cfcmple.o(.text)
    __aeabi_cfcmple                          0x080008dd   Thumb Code    20  cfcmple.o(.text)
    __aeabi_cfrcmple                         0x080008f1   Thumb Code    20  cfrcmple.o(.text)
    __aeabi_uidiv                            0x08000905   Thumb Code     0  uidiv.o(.text)
    __aeabi_uidivmod                         0x08000905   Thumb Code    44  uidiv.o(.text)
    __aeabi_uldivmod                         0x08000931   Thumb Code    98  uldiv.o(.text)
    __aeabi_llsl                             0x08000993   Thumb Code    30  llshl.o(.text)
    _ll_shift_l                              0x08000993   Thumb Code     0  llshl.o(.text)
    __aeabi_lasr                             0x080009b1   Thumb Code    36  llsshr.o(.text)
    _ll_sshift_r                             0x080009b1   Thumb Code     0  llsshr.o(.text)
    __I$use$fp                               0x080009d5   Thumb Code     0  iusefp.o(.text)
    _float_round                             0x080009d5   Thumb Code    18  fepilogue.o(.text)
    _float_epilogue                          0x080009e7   Thumb Code    92  fepilogue.o(.text)
    _double_round                            0x08000a43   Thumb Code    30  depilogue.o(.text)
    _double_epilogue                         0x08000a61   Thumb Code   156  depilogue.o(.text)
    __ARM_scalbn                             0x08000afd   Thumb Code    46  dscalb.o(.text)
    scalbn                                   0x08000afd   Thumb Code     0  dscalb.o(.text)
    __aeabi_d2ulz                            0x08000b2b   Thumb Code    48  dfixul.o(.text)
    __aeabi_cdcmpeq                          0x08000b5d   Thumb Code     0  cdcmple.o(.text)
    __aeabi_cdcmple                          0x08000b5d   Thumb Code    48  cdcmple.o(.text)
    __scatterload                            0x08000b8d   Thumb Code    28  init.o(.text)
    __scatterload_rt2                        0x08000b8d   Thumb Code     0  init.o(.text)
    _dsqrt                                   0x08000bb1   Thumb Code   162  dsqrt.o(.text)
    __aeabi_ui2d                             0x08000c53   Thumb Code    26  dfltui.o(.text)
    __decompress                             0x08000c6d   Thumb Code     0  __dczerorl2.o(.text)
    __decompress1                            0x08000c6d   Thumb Code    86  __dczerorl2.o(.text)
    BusFault_Handler                         0x08000cc3   Thumb Code     4  stm32f1xx_it.o(i.BusFault_Handler)
    Car_Task_100HZ                           0x08000cc9   Thumb Code   208  car_task.o(i.Car_Task_100HZ)
    Car_Task_200HZ                           0x08000dc9   Thumb Code    14  car_task.o(i.Car_Task_200HZ)
    Car_Task_5HZ                             0x08000ddd   Thumb Code     8  car_task.o(i.Car_Task_5HZ)
    Car_Task_Interaction                     0x08000de5   Thumb Code   104  car_task.o(i.Car_Task_Interaction)
    DMA1_Channel2_IRQHandler                 0x08000e99   Thumb Code    10  stm32f1xx_it.o(i.DMA1_Channel2_IRQHandler)
    DMA1_Channel3_IRQHandler                 0x08000ea9   Thumb Code    10  stm32f1xx_it.o(i.DMA1_Channel3_IRQHandler)
    DebugMon_Handler                         0x08000ee5   Thumb Code     2  stm32f1xx_it.o(i.DebugMon_Handler)
    EXTI9_5_IRQHandler                       0x08000ee7   Thumb Code    12  stm32f1xx_it.o(i.EXTI9_5_IRQHandler)
    Error_Handler                            0x08000ef3   Thumb Code     6  main.o(i.Error_Handler)
    Get_sys_time_ms                          0x08000ef9   Thumb Code     8  sys_time.o(i.Get_sys_time_ms)
    Get_sys_time_only_us                     0x08000f01   Thumb Code     6  sys_time.o(i.Get_sys_time_only_us)
    Get_sys_time_us                          0x08000f0d   Thumb Code    22  sys_time.o(i.Get_sys_time_us)
    Getdistance                              0x08000f29   Thumb Code    52  echo.o(i.Getdistance)
    HAL_DMA_Abort                            0x08000f65   Thumb Code    86  stm32f1xx_hal_dma.o(i.HAL_DMA_Abort)
    HAL_DMA_Abort_IT                         0x08000fbd   Thumb Code   172  stm32f1xx_hal_dma.o(i.HAL_DMA_Abort_IT)
    HAL_DMA_IRQHandler                       0x0800106d   Thumb Code   408  stm32f1xx_hal_dma.o(i.HAL_DMA_IRQHandler)
    HAL_DMA_Init                             0x08001209   Thumb Code   100  stm32f1xx_hal_dma.o(i.HAL_DMA_Init)
    HAL_DMA_Start_IT                         0x08001271   Thumb Code   156  stm32f1xx_hal_dma.o(i.HAL_DMA_Start_IT)
    HAL_Delay                                0x0800130d   Thumb Code    36  stm32f1xx_hal.o(i.HAL_Delay)
    HAL_GPIO_EXTI_Callback                   0x08001335   Thumb Code   268  echo.o(i.HAL_GPIO_EXTI_Callback)
    HAL_GPIO_EXTI_IRQHandler                 0x08001479   Thumb Code    24  stm32f1xx_hal_gpio.o(i.HAL_GPIO_EXTI_IRQHandler)
    HAL_GPIO_Init                            0x08001495   Thumb Code   766  stm32f1xx_hal_gpio.o(i.HAL_GPIO_Init)
    HAL_GPIO_ReadPin                         0x080017b5   Thumb Code    16  stm32f1xx_hal_gpio.o(i.HAL_GPIO_ReadPin)
    HAL_GPIO_TogglePin                       0x080017c5   Thumb Code    20  stm32f1xx_hal_gpio.o(i.HAL_GPIO_TogglePin)
    HAL_GPIO_WritePin                        0x080017d9   Thumb Code    12  stm32f1xx_hal_gpio.o(i.HAL_GPIO_WritePin)
    HAL_GetTick                              0x080017e5   Thumb Code     6  stm32f1xx_hal.o(i.HAL_GetTick)
    HAL_IncTick                              0x080017f1   Thumb Code    16  stm32f1xx_hal.o(i.HAL_IncTick)
    HAL_Init                                 0x08001809   Thumb Code    34  stm32f1xx_hal.o(i.HAL_Init)
    HAL_InitTick                             0x08001831   Thumb Code   118  stm32f1xx_hal_timebase_tim.o(i.HAL_InitTick)
    HAL_MspInit                              0x080018b9   Thumb Code    86  stm32f1xx_hal_msp.o(i.HAL_MspInit)
    HAL_NVIC_EnableIRQ                       0x08001919   Thumb Code    32  stm32f1xx_hal_cortex.o(i.HAL_NVIC_EnableIRQ)
    HAL_NVIC_SetPriority                     0x08001939   Thumb Code   124  stm32f1xx_hal_cortex.o(i.HAL_NVIC_SetPriority)
    HAL_NVIC_SetPriorityGrouping             0x080019b5   Thumb Code    32  stm32f1xx_hal_cortex.o(i.HAL_NVIC_SetPriorityGrouping)
    HAL_RCC_ClockConfig                      0x080019dd   Thumb Code   376  stm32f1xx_hal_rcc.o(i.HAL_RCC_ClockConfig)
    HAL_RCC_GetClockConfig                   0x08001b69   Thumb Code    58  stm32f1xx_hal_rcc.o(i.HAL_RCC_GetClockConfig)
    HAL_RCC_GetHCLKFreq                      0x08001bad   Thumb Code     6  stm32f1xx_hal_rcc.o(i.HAL_RCC_GetHCLKFreq)
    HAL_RCC_GetPCLK1Freq                     0x08001bb9   Thumb Code    22  stm32f1xx_hal_rcc.o(i.HAL_RCC_GetPCLK1Freq)
    HAL_RCC_GetPCLK2Freq                     0x08001bd9   Thumb Code    22  stm32f1xx_hal_rcc.o(i.HAL_RCC_GetPCLK2Freq)
    HAL_RCC_GetSysClockFreq                  0x08001bf9   Thumb Code    92  stm32f1xx_hal_rcc.o(i.HAL_RCC_GetSysClockFreq)
    HAL_RCC_OscConfig                        0x08001c69   Thumb Code  1114  stm32f1xx_hal_rcc.o(i.HAL_RCC_OscConfig)
    HAL_TIMEx_BreakCallback                  0x080020cd   Thumb Code     2  stm32f1xx_hal_tim_ex.o(i.HAL_TIMEx_BreakCallback)
    HAL_TIMEx_CommutCallback                 0x080020cf   Thumb Code     2  stm32f1xx_hal_tim_ex.o(i.HAL_TIMEx_CommutCallback)
    HAL_TIMEx_MasterConfigSynchronization    0x080020d1   Thumb Code   118  stm32f1xx_hal_tim_ex.o(i.HAL_TIMEx_MasterConfigSynchronization)
    HAL_TIM_Base_Init                        0x08002155   Thumb Code   102  stm32f1xx_hal_tim.o(i.HAL_TIM_Base_Init)
    HAL_TIM_Base_MspInit                     0x080021bb   Thumb Code     2  stm32f1xx_hal_tim.o(i.HAL_TIM_Base_MspInit)
    HAL_TIM_Base_Start_IT                    0x080021bd   Thumb Code   106  stm32f1xx_hal_tim.o(i.HAL_TIM_Base_Start_IT)
    HAL_TIM_Encoder_Init                     0x08002235   Thumb Code   196  stm32f1xx_hal_tim.o(i.HAL_TIM_Encoder_Init)
    HAL_TIM_Encoder_MspInit                  0x080022f9   Thumb Code   182  tim.o(i.HAL_TIM_Encoder_MspInit)
    HAL_TIM_Encoder_Start                    0x080023c1   Thumb Code   204  stm32f1xx_hal_tim.o(i.HAL_TIM_Encoder_Start)
    HAL_TIM_IC_CaptureCallback               0x0800248d   Thumb Code     2  stm32f1xx_hal_tim.o(i.HAL_TIM_IC_CaptureCallback)
    HAL_TIM_IRQHandler                       0x0800248f   Thumb Code   406  stm32f1xx_hal_tim.o(i.HAL_TIM_IRQHandler)
    HAL_TIM_MspPostInit                      0x08002625   Thumb Code    74  tim.o(i.HAL_TIM_MspPostInit)
    HAL_TIM_OC_DelayElapsedCallback          0x0800267d   Thumb Code     2  stm32f1xx_hal_tim.o(i.HAL_TIM_OC_DelayElapsedCallback)
    HAL_TIM_PWM_ConfigChannel                0x0800267f   Thumb Code   260  stm32f1xx_hal_tim.o(i.HAL_TIM_PWM_ConfigChannel)
    HAL_TIM_PWM_Init                         0x08002783   Thumb Code   102  stm32f1xx_hal_tim.o(i.HAL_TIM_PWM_Init)
    HAL_TIM_PWM_MspInit                      0x080027e9   Thumb Code    58  tim.o(i.HAL_TIM_PWM_MspInit)
    HAL_TIM_PWM_PulseFinishedCallback        0x0800282d   Thumb Code    28  main.o(i.HAL_TIM_PWM_PulseFinishedCallback)
    HAL_TIM_PWM_Start                        0x0800284d   Thumb Code   198  stm32f1xx_hal_tim.o(i.HAL_TIM_PWM_Start)
    HAL_TIM_PWM_Start_IT                     0x08002921   Thumb Code   280  stm32f1xx_hal_tim.o(i.HAL_TIM_PWM_Start_IT)
    HAL_TIM_PeriodElapsedCallback            0x08002a45   Thumb Code    44  main.o(i.HAL_TIM_PeriodElapsedCallback)
    HAL_TIM_TriggerCallback                  0x08002a7d   Thumb Code     2  stm32f1xx_hal_tim.o(i.HAL_TIM_TriggerCallback)
    HAL_UARTEx_RxEventCallback               0x08002a7f   Thumb Code     2  stm32f1xx_hal_uart.o(i.HAL_UARTEx_RxEventCallback)
    HAL_UART_ErrorCallback                   0x08002a81   Thumb Code     2  stm32f1xx_hal_uart.o(i.HAL_UART_ErrorCallback)
    HAL_UART_IRQHandler                      0x08002a85   Thumb Code   736  stm32f1xx_hal_uart.o(i.HAL_UART_IRQHandler)
    HAL_UART_Init                            0x08002d69   Thumb Code   118  stm32f1xx_hal_uart.o(i.HAL_UART_Init)
    HAL_UART_MspInit                         0x08002de1   Thumb Code   346  usart.o(i.HAL_UART_MspInit)
    HAL_UART_Receive_DMA                     0x08002f5d   Thumb Code    44  stm32f1xx_hal_uart.o(i.HAL_UART_Receive_DMA)
    HAL_UART_RxCpltCallback                  0x08002f89   Thumb Code     2  stm32f1xx_hal_uart.o(i.HAL_UART_RxCpltCallback)
    HAL_UART_RxHalfCpltCallback              0x08002f8b   Thumb Code     2  stm32f1xx_hal_uart.o(i.HAL_UART_RxHalfCpltCallback)
    HAL_UART_TxCpltCallback                  0x08002f8d   Thumb Code     2  stm32f1xx_hal_uart.o(i.HAL_UART_TxCpltCallback)
    HardFault_Handler                        0x08002f8f   Thumb Code     4  stm32f1xx_it.o(i.HardFault_Handler)
    IIC_Ack                                  0x08002f95   Thumb Code    60  iic.o(i.IIC_Ack)
    IIC_GPIO_Init                            0x08002fe5   Thumb Code    62  iic.o(i.IIC_GPIO_Init)
    IIC_NAck                                 0x0800302d   Thumb Code    48  iic.o(i.IIC_NAck)
    IIC_Read_Byte                            0x08003061   Thumb Code    84  iic.o(i.IIC_Read_Byte)
    IIC_Send_Byte                            0x080030b9   Thumb Code   100  iic.o(i.IIC_Send_Byte)
    IIC_Start                                0x08003121   Thumb Code    60  iic.o(i.IIC_Start)
    IIC_Stop                                 0x08003161   Thumb Code    40  iic.o(i.IIC_Stop)
    IIC_Wait_Ack                             0x0800318d   Thumb Code    68  iic.o(i.IIC_Wait_Ack)
    MPU_Read_Len                             0x080031d5   Thumb Code   116  mpu6050.o(i.MPU_Read_Len)
    MPU_Write_Len                            0x08003249   Thumb Code    96  mpu6050.o(i.MPU_Write_Len)
    MX_DMA_Init                              0x080032a9   Thumb Code    64  dma.o(i.MX_DMA_Init)
    MX_FREERTOS_Init                         0x080032ed   Thumb Code   102  freertos.o(i.MX_FREERTOS_Init)
    MX_GPIO_Init                             0x08003369   Thumb Code   272  gpio.o(i.MX_GPIO_Init)
    MX_TIM2_Init                             0x0800348d   Thumb Code   116  tim.o(i.MX_TIM2_Init)
    MX_TIM3_Init                             0x08003505   Thumb Code   162  tim.o(i.MX_TIM3_Init)
    MX_TIM4_Init                             0x080035b1   Thumb Code   114  tim.o(i.MX_TIM4_Init)
    MX_USART1_UART_Init                      0x0800362d   Thumb Code    46  usart.o(i.MX_USART1_UART_Init)
    MX_USART3_UART_Init                      0x08003665   Thumb Code    46  usart.o(i.MX_USART3_UART_Init)
    MemManage_Handler                        0x0800369d   Thumb Code     4  stm32f1xx_it.o(i.MemManage_Handler)
    NMI_Handler                              0x080036a1   Thumb Code     4  stm32f1xx_it.o(i.NMI_Handler)
    PWM_Limiting                             0x080036a5   Thumb Code    50  control.o(i.PWM_Limiting)
    Read_Encoder                             0x08003701   Thumb Code    52  control.o(i.Read_Encoder)
    Set_PWM                                  0x08003739   Thumb Code   314  control.o(i.Set_PWM)
    StartTask_100HZ                          0x08003885   Thumb Code    24  freertos.o(i.StartTask_100HZ)
    StartTask_200HZ                          0x080038a1   Thumb Code    48  freertos.o(i.StartTask_200HZ)
    StartTask_5HZ                            0x080038d5   Thumb Code    14  freertos.o(i.StartTask_5HZ)
    StartTask_Interaction                    0x080038e3   Thumb Code    14  freertos.o(i.StartTask_Interaction)
    SysTick_Handler                          0x080038f1   Thumb Code    46  port.o(i.SysTick_Handler)
    SystemClock_Config                       0x08003925   Thumb Code   102  main.o(i.SystemClock_Config)
    SystemInit                               0x0800398b   Thumb Code     2  system_stm32f1xx.o(i.SystemInit)
    TIM1_UP_IRQHandler                       0x0800398d   Thumb Code    10  stm32f1xx_it.o(i.TIM1_UP_IRQHandler)
    TIM3_IRQHandler                          0x0800399d   Thumb Code    10  stm32f1xx_it.o(i.TIM3_IRQHandler)
    TIM_Base_SetConfig                       0x080039ad   Thumb Code   104  stm32f1xx_hal_tim.o(i.TIM_Base_SetConfig)
    TIM_CCxChannelCmd                        0x08003a21   Thumb Code    34  stm32f1xx_hal_tim.o(i.TIM_CCxChannelCmd)
    TIM_OC2_SetConfig                        0x08003aa5   Thumb Code   100  stm32f1xx_hal_tim.o(i.TIM_OC2_SetConfig)
    Turn_off                                 0x08003bbd   Thumb Code    74  control.o(i.Turn_off)
    UART_Start_Receive_DMA                   0x08003ffd   Thumb Code   186  stm32f1xx_hal_uart.o(i.UART_Start_Receive_DMA)
    USART3_IRQHandler                        0x08004125   Thumb Code    10  stm32f1xx_it.o(i.USART3_IRQHandler)
    UsageFault_Handler                       0x08004135   Thumb Code     4  stm32f1xx_it.o(i.UsageFault_Handler)
    User_USART_Init                          0x08004139   Thumb Code    44  my_usart.o(i.User_USART_Init)
    Vertical_Ring_PD                         0x08004165   Thumb Code    64  control.o(i.Vertical_Ring_PD)
    Vertical_speed_PI                        0x080041a9   Thumb Code   196  control.o(i.Vertical_speed_PI)
    Vertical_turn_PD                         0x08004291   Thumb Code   106  control.o(i.Vertical_turn_PD)
    __0printf                                0x0800430d   Thumb Code    22  printfa.o(i.__0printf)
    __1printf                                0x0800430d   Thumb Code     0  printfa.o(i.__0printf)
    __2printf                                0x0800430d   Thumb Code     0  printfa.o(i.__0printf)
    __c89printf                              0x0800430d   Thumb Code     0  printfa.o(i.__0printf)
    printf                                   0x0800430d   Thumb Code     0  printfa.o(i.__0printf)
    __ARM_fpclassify                         0x0800432d   Thumb Code    40  fpclassify.o(i.__ARM_fpclassify)
    __ieee754_rem_pio2                       0x0800438d   Thumb Code   828  rred.o(i.__ieee754_rem_pio2)
    __kernel_cos                             0x08004715   Thumb Code   230  cos_i.o(i.__kernel_cos)
    __kernel_poly                            0x08004811   Thumb Code   170  poly.o(i.__kernel_poly)
    __kernel_sin                             0x080048bd   Thumb Code   224  sin_i.o(i.__kernel_sin)
    __mathlib_dbl_infnan                     0x080049a9   Thumb Code     6  dunder.o(i.__mathlib_dbl_infnan)
    __mathlib_dbl_infnan2                    0x080049af   Thumb Code     4  dunder.o(i.__mathlib_dbl_infnan2)
    __mathlib_dbl_invalid                    0x080049b3   Thumb Code    12  dunder.o(i.__mathlib_dbl_invalid)
    __mathlib_dbl_underflow                  0x080049c1   Thumb Code    10  dunder.o(i.__mathlib_dbl_underflow)
    __scatterload_copy                       0x080049d1   Thumb Code    14  handlers.o(i.__scatterload_copy)
    __scatterload_null                       0x080049df   Thumb Code     2  handlers.o(i.__scatterload_null)
    __scatterload_zeroinit                   0x080049e1   Thumb Code    14  handlers.o(i.__scatterload_zeroinit)
    __set_errno                              0x080049f1   Thumb Code     6  errno.o(i.__set_errno)
    asin                                     0x08005331   Thumb Code   572  asin.o(i.asin)
    atan                                     0x080055a1   Thumb Code   474  atan.o(i.atan)
    atan2                                    0x080057c1   Thumb Code   374  atan2.o(i.atan2)
    cos                                      0x0800595d   Thumb Code   148  cos.o(i.cos)
    dmp_enable_6x_lp_quat                    0x08005a5d   Thumb Code    60  inv_mpu_dmp_motion_driver.o(i.dmp_enable_6x_lp_quat)
    dmp_enable_feature                       0x08005a99   Thumb Code   530  inv_mpu_dmp_motion_driver.o(i.dmp_enable_feature)
    dmp_enable_gyro_cal                      0x08005cb5   Thumb Code    62  inv_mpu_dmp_motion_driver.o(i.dmp_enable_gyro_cal)
    dmp_enable_lp_quat                       0x08005d0d   Thumb Code    60  inv_mpu_dmp_motion_driver.o(i.dmp_enable_lp_quat)
    dmp_load_motion_driver_firmware          0x08005d49   Thumb Code    20  inv_mpu_dmp_motion_driver.o(i.dmp_load_motion_driver_firmware)
    dmp_read_fifo                            0x08005d61   Thumb Code   456  inv_mpu_dmp_motion_driver.o(i.dmp_read_fifo)
    dmp_set_accel_bias                       0x08005f2d   Thumb Code   300  inv_mpu_dmp_motion_driver.o(i.dmp_set_accel_bias)
    dmp_set_fifo_rate                        0x0800605d   Thumb Code    96  inv_mpu_dmp_motion_driver.o(i.dmp_set_fifo_rate)
    dmp_set_gyro_bias                        0x080060cd   Thumb Code   294  inv_mpu_dmp_motion_driver.o(i.dmp_set_gyro_bias)
    dmp_set_orientation                      0x080061fd   Thumb Code   290  inv_mpu_dmp_motion_driver.o(i.dmp_set_orientation)
    dmp_set_shake_reject_thresh              0x08006335   Thumb Code    56  inv_mpu_dmp_motion_driver.o(i.dmp_set_shake_reject_thresh)
    dmp_set_shake_reject_time                0x0800636d   Thumb Code    38  inv_mpu_dmp_motion_driver.o(i.dmp_set_shake_reject_time)
    dmp_set_shake_reject_timeout             0x08006393   Thumb Code    38  inv_mpu_dmp_motion_driver.o(i.dmp_set_shake_reject_timeout)
    dmp_set_tap_axes                         0x080063b9   Thumb Code    70  inv_mpu_dmp_motion_driver.o(i.dmp_set_tap_axes)
    dmp_set_tap_count                        0x080063ff   Thumb Code    38  inv_mpu_dmp_motion_driver.o(i.dmp_set_tap_count)
    dmp_set_tap_thresh                       0x08006425   Thumb Code   396  inv_mpu_dmp_motion_driver.o(i.dmp_set_tap_thresh)
    dmp_set_tap_time                         0x080065c5   Thumb Code    38  inv_mpu_dmp_motion_driver.o(i.dmp_set_tap_time)
    dmp_set_tap_time_multi                   0x080065eb   Thumb Code    38  inv_mpu_dmp_motion_driver.o(i.dmp_set_tap_time_multi)
    fputc                                    0x08006611   Thumb Code    42  main.o(i.fputc)
    inv_orientation_matrix_to_scalar         0x08006c75   Thumb Code    40  inv_mpu.o(i.inv_orientation_matrix_to_scalar)
    inv_row_2_scale                          0x08006c9d   Thumb Code    78  inv_mpu.o(i.inv_row_2_scale)
    main                                     0x08006ced   Thumb Code   146  main.o(i.main)
    mget_ms                                  0x08006da3   Thumb Code     2  inv_mpu.o(i.mget_ms)
    mpu_configure_fifo                       0x08006da5   Thumb Code   106  inv_mpu.o(i.mpu_configure_fifo)
    mpu_dmp_get_data                         0x08006e15   Thumb Code   690  inv_mpu.o(i.mpu_dmp_get_data)
    mpu_dmp_init                             0x08007115   Thumb Code   154  inv_mpu.o(i.mpu_dmp_init)
    mpu_get_accel_fsr                        0x080071b5   Thumb Code    72  inv_mpu.o(i.mpu_get_accel_fsr)
    mpu_get_accel_sens                       0x08007201   Thumb Code    78  inv_mpu.o(i.mpu_get_accel_sens)
    mpu_get_fifo_config                      0x08007255   Thumb Code    12  inv_mpu.o(i.mpu_get_fifo_config)
    mpu_get_gyro_fsr                         0x08007265   Thumb Code    64  inv_mpu.o(i.mpu_get_gyro_fsr)
    mpu_get_gyro_sens                        0x080072a9   Thumb Code    58  inv_mpu.o(i.mpu_get_gyro_sens)
    mpu_get_lpf                              0x080072f9   Thumb Code    74  inv_mpu.o(i.mpu_get_lpf)
    mpu_get_sample_rate                      0x08007349   Thumb Code    26  inv_mpu.o(i.mpu_get_sample_rate)
    mpu_init                                 0x08007369   Thumb Code   416  inv_mpu.o(i.mpu_init)
    mpu_load_firmware                        0x08007559   Thumb Code   180  inv_mpu.o(i.mpu_load_firmware)
    mpu_lp_accel_mode                        0x08007611   Thumb Code   218  inv_mpu.o(i.mpu_lp_accel_mode)
    mpu_read_fifo_stream                     0x080076f1   Thumb Code   186  inv_mpu.o(i.mpu_read_fifo_stream)
    mpu_read_mem                             0x080077b1   Thumb Code   122  inv_mpu.o(i.mpu_read_mem)
    mpu_reset_fifo                           0x08007831   Thumb Code   450  inv_mpu.o(i.mpu_reset_fifo)
    mpu_run_self_test                        0x080079f9   Thumb Code   278  inv_mpu.o(i.mpu_run_self_test)
    mpu_set_accel_fsr                        0x08007b15   Thumb Code   126  inv_mpu.o(i.mpu_set_accel_fsr)
    mpu_set_bypass                           0x08007b99   Thumb Code   328  inv_mpu.o(i.mpu_set_bypass)
    mpu_set_dmp_state                        0x08007ce5   Thumb Code   138  inv_mpu.o(i.mpu_set_dmp_state)
    mpu_set_gyro_fsr                         0x08007d75   Thumb Code   132  inv_mpu.o(i.mpu_set_gyro_fsr)
    mpu_set_int_latched                      0x08007dfd   Thumb Code   102  inv_mpu.o(i.mpu_set_int_latched)
    mpu_set_lpf                              0x08007e69   Thumb Code   126  inv_mpu.o(i.mpu_set_lpf)
    mpu_set_sample_rate                      0x08007eed   Thumb Code   152  inv_mpu.o(i.mpu_set_sample_rate)
    mpu_set_sensors                          0x08007f89   Thumb Code   202  inv_mpu.o(i.mpu_set_sensors)
    mpu_write_mem                            0x08008059   Thumb Code   122  inv_mpu.o(i.mpu_write_mem)
    osDelay                                  0x080080d9   Thumb Code    24  cmsis_os.o(i.osDelay)
    osKernelStart                            0x080080f1   Thumb Code    10  cmsis_os.o(i.osKernelStart)
    osThreadCreate                           0x080080fb   Thumb Code    94  cmsis_os.o(i.osThreadCreate)
    pvPortMalloc                             0x080085d1   Thumb Code   296  heap_4.o(i.pvPortMalloc)
    pxPortInitialiseStack                    0x0800870d   Thumb Code    30  port.o(i.pxPortInitialiseStack)
    run_self_test                            0x08008731   Thumb Code   152  inv_mpu.o(i.run_self_test)
    sqrt                                     0x08008859   Thumb Code    76  sqrt.o(i.sqrt)
    uxListRemove                             0x080088a5   Thumb Code    40  list.o(i.uxListRemove)
    vApplicationGetIdleTaskMemory            0x080088cd   Thumb Code    14  freertos.o(i.vApplicationGetIdleTaskMemory)
    vListInitialise                          0x080088e5   Thumb Code    26  list.o(i.vListInitialise)
    vListInitialiseItem                      0x080088ff   Thumb Code     6  list.o(i.vListInitialiseItem)
    vListInsert                              0x08008905   Thumb Code    52  list.o(i.vListInsert)
    vListInsertEnd                           0x08008939   Thumb Code    24  list.o(i.vListInsertEnd)
    vPortEnterCritical                       0x08008951   Thumb Code    76  port.o(i.vPortEnterCritical)
    vPortExitCritical                        0x080089a5   Thumb Code    56  port.o(i.vPortExitCritical)
    vPortFree                                0x080089e1   Thumb Code   140  heap_4.o(i.vPortFree)
    vPortSetupTimerInterrupt                 0x08008a75   Thumb Code    36  port.o(i.vPortSetupTimerInterrupt)
    vTaskDelay                               0x08008a9d   Thumb Code    82  tasks.o(i.vTaskDelay)
    vTaskStartScheduler                      0x08008af9   Thumb Code   146  tasks.o(i.vTaskStartScheduler)
    vTaskSuspendAll                          0x08008ba9   Thumb Code    12  tasks.o(i.vTaskSuspendAll)
    vTaskSwitchContext                       0x08008bb9   Thumb Code   118  tasks.o(i.vTaskSwitchContext)
    xPortStartScheduler                      0x08008c45   Thumb Code   228  port.o(i.xPortStartScheduler)
    xTaskCreate                              0x08008d3d   Thumb Code   100  tasks.o(i.xTaskCreate)
    xTaskCreateStatic                        0x08008da1   Thumb Code   184  tasks.o(i.xTaskCreateStatic)
    xTaskIncrementTick                       0x08008e59   Thumb Code   282  tasks.o(i.xTaskIncrementTick)
    xTaskResumeAll                           0x08008fa1   Thumb Code   224  tasks.o(i.xTaskResumeAll)
    AHBPrescTable                            0x08009126   Data          16  system_stm32f1xx.o(.constdata)
    APBPrescTable                            0x08009136   Data           8  system_stm32f1xx.o(.constdata)
    reg                                      0x08009140   Data          27  inv_mpu.o(.constdata)
    hw                                       0x0800915c   Data          12  inv_mpu.o(.constdata)
    test                                     0x08009168   Data          40  inv_mpu.o(.constdata)
    __mathlib_zero                           0x08009ea0   Data           8  qnan.o(.constdata)
    Region$$Table$$Base                      0x0800a01c   Number         0  anon$$obj.o(Region$$Table)
    Region$$Table$$Limit                     0x0800a03c   Number         0  anon$$obj.o(Region$$Table)
    task_flag                                0x20000000   Data           4  freertos.o(.data)
    Task_200HZHandle                         0x20000004   Data           4  freertos.o(.data)
    Task_100HZHandle                         0x20000008   Data           4  freertos.o(.data)
    Task_5HZHandle                           0x2000000c   Data           4  freertos.o(.data)
    Task_InteractioHandle                    0x20000010   Data           4  freertos.o(.data)
    uwTick                                   0x20000014   Data           4  stm32f1xx_hal.o(.data)
    uwTickPrio                               0x20000018   Data           4  stm32f1xx_hal.o(.data)
    uwTickFreq                               0x2000001c   Data           1  stm32f1xx_hal.o(.data)
    SystemCoreClock                          0x20000020   Data           4  system_stm32f1xx.o(.data)
    pxCurrentTCB                             0x20000024   Data           4  tasks.o(.data)
    Balance_PWM                              0x20000084   Data           4  car_task.o(.data)
    Velocity_PWM                             0x20000088   Data           4  car_task.o(.data)
    Turn_PWM                                 0x2000008c   Data           4  car_task.o(.data)
    Encoder_left                             0x20000090   Data           4  car_task.o(.data)
    Encoder_right                            0x20000094   Data           4  car_task.o(.data)
    Motor1                                   0x20000098   Data           4  car_task.o(.data)
    Motor2                                   0x2000009c   Data           4  car_task.o(.data)
    Contrl_Turn                              0x200000a0   Data           4  car_task.o(.data)
    rxloss_flag                              0x200000a4   Data           4  car_task.o(.data)
    avoidance_flag                           0x200000a8   Data           4  car_task.o(.data)
    rx_cnt                                   0x200000ac   Data           4  car_task.o(.data)
    Movement                                 0x200000b0   Data           4  car_task.o(.data)
    target_yaw                               0x200000b4   Data           4  car_task.o(.data)
    Dead_Zone                                0x200000b8   Data           4  control.o(.data)
    PID                                      0x200000bc   Data          36  control.o(.data)
    FS_state                                 0x200000e0   Data           1  control.o(.data)
    capture_Buf                              0x200000f4   Data           8  echo.o(.data)
    capture_Cnt                              0x200000fc   Data           1  echo.o(.data)
    high_time                                0x20000100   Data           4  echo.o(.data)
    dis                                      0x20000104   Data           4  echo.o(.data)
    i                                        0x20000108   Data           4  echo.o(.data)
    __stdout                                 0x20000144   Data           4  stdout.o(.data)
    htim2                                    0x200003a0   Data          72  tim.o(.bss)
    htim3                                    0x200003e8   Data          72  tim.o(.bss)
    htim4                                    0x20000430   Data          72  tim.o(.bss)
    huart1                                   0x20000478   Data          72  usart.o(.bss)
    huart3                                   0x200004c0   Data          72  usart.o(.bss)
    hdma_usart3_rx                           0x20000508   Data          68  usart.o(.bss)
    hdma_usart3_tx                           0x2000054c   Data          68  usart.o(.bss)
    htim1                                    0x20000590   Data          72  stm32f1xx_hal_timebase_tim.o(.bss)
    outMpu                                   0x200012c8   Data          24  car_task.o(.bss)
    BT_Data                                  0x200012e0   Data          40  my_usart.o(.bss)
    __initial_sp                             0x20001718   Data           0  startup_stm32f103xb.o(STACK)



==============================================================================

Memory Map of the image

  Image Entry point : 0x080000ed

  Load Region LR_IROM1 (Base: 0x08000000, Size: 0x0000a188, Max: 0x00010000, ABSOLUTE, COMPRESSED[0x0000a068])

    Execution Region ER_IROM1 (Exec base: 0x08000000, Load base: 0x08000000, Size: 0x0000a03c, Max: 0x00010000, ABSOLUTE)

    Exec Addr    Load Addr    Size         Type   Attr      Idx    E Section Name        Object

    0x08000000   0x08000000   0x000000ec   Data   RO            3    RESET               startup_stm32f103xb.o
    0x080000ec   0x080000ec   0x00000000   Code   RO         5408  * .ARM.Collect$$$$00000000  mc_w.l(entry.o)
    0x080000ec   0x080000ec   0x00000004   Code   RO         5773    .ARM.Collect$$$$00000001  mc_w.l(entry2.o)
    0x080000f0   0x080000f0   0x00000004   Code   RO         5776    .ARM.Collect$$$$00000004  mc_w.l(entry5.o)
    0x080000f4   0x080000f4   0x00000000   Code   RO         5778    .ARM.Collect$$$$00000008  mc_w.l(entry7b.o)
    0x080000f4   0x080000f4   0x00000000   Code   RO         5780    .ARM.Collect$$$$0000000A  mc_w.l(entry8b.o)
    0x080000f4   0x080000f4   0x00000008   Code   RO         5781    .ARM.Collect$$$$0000000B  mc_w.l(entry9a.o)
    0x080000fc   0x080000fc   0x00000004   Code   RO         5788    .ARM.Collect$$$$0000000E  mc_w.l(entry12b.o)
    0x08000100   0x08000100   0x00000000   Code   RO         5783    .ARM.Collect$$$$0000000F  mc_w.l(entry10a.o)
    0x08000100   0x08000100   0x00000000   Code   RO         5785    .ARM.Collect$$$$00000011  mc_w.l(entry11a.o)
    0x08000100   0x08000100   0x00000004   Code   RO         5774    .ARM.Collect$$$$00002712  mc_w.l(entry2.o)
    0x08000104   0x08000104   0x00000096   Code   RO         4280    .emb_text           port.o
    0x0800019a   0x0800019a   0x00000002   PAD
    0x0800019c   0x0800019c   0x00000024   Code   RO            4    .text               startup_stm32f103xb.o
    0x080001c0   0x080001c0   0x00000062   Code   RO         5411    .text               mc_w.l(ldiv.o)
    0x08000222   0x08000222   0x00000020   Code   RO         5413    .text               mc_w.l(llushr.o)
    0x08000242   0x08000242   0x00000024   Code   RO         5415    .text               mc_w.l(memcpya.o)
    0x08000266   0x08000266   0x00000024   Code   RO         5419    .text               mc_w.l(memseta.o)
    0x0800028a   0x0800028a   0x0000001a   Code   RO         5421    .text               mc_w.l(memcmp.o)
    0x080002a4   0x080002a4   0x000000b0   Code   RO         5686    .text               mf_w.l(fadd.o)
    0x08000354   0x08000354   0x00000064   Code   RO         5688    .text               mf_w.l(fmul.o)
    0x080003b8   0x080003b8   0x0000007c   Code   RO         5690    .text               mf_w.l(fdiv.o)
    0x08000434   0x08000434   0x0000014e   Code   RO         5692    .text               mf_w.l(dadd.o)
    0x08000582   0x08000582   0x000000e4   Code   RO         5694    .text               mf_w.l(dmul.o)
    0x08000666   0x08000666   0x000000de   Code   RO         5696    .text               mf_w.l(ddiv.o)
    0x08000744   0x08000744   0x00000012   Code   RO         5698    .text               mf_w.l(fflti.o)
    0x08000756   0x08000756   0x0000000a   Code   RO         5700    .text               mf_w.l(ffltui.o)
    0x08000760   0x08000760   0x00000022   Code   RO         5702    .text               mf_w.l(dflti.o)
    0x08000782   0x08000782   0x00000032   Code   RO         5704    .text               mf_w.l(ffixi.o)
    0x080007b4   0x080007b4   0x00000028   Code   RO         5706    .text               mf_w.l(ffixui.o)
    0x080007dc   0x080007dc   0x0000003e   Code   RO         5708    .text               mf_w.l(dfixi.o)
    0x0800081a   0x0800081a   0x00000032   Code   RO         5710    .text               mf_w.l(dfixui.o)
    0x0800084c   0x0800084c   0x00000026   Code   RO         5712    .text               mf_w.l(f2d.o)
    0x08000872   0x08000872   0x00000002   PAD
    0x08000874   0x08000874   0x00000030   Code   RO         5714    .text               mf_w.l(cdrcmple.o)
    0x080008a4   0x080008a4   0x00000038   Code   RO         5716    .text               mf_w.l(d2f.o)
    0x080008dc   0x080008dc   0x00000014   Code   RO         5718    .text               mf_w.l(cfcmple.o)
    0x080008f0   0x080008f0   0x00000014   Code   RO         5720    .text               mf_w.l(cfrcmple.o)
    0x08000904   0x08000904   0x0000002c   Code   RO         5790    .text               mc_w.l(uidiv.o)
    0x08000930   0x08000930   0x00000062   Code   RO         5792    .text               mc_w.l(uldiv.o)
    0x08000992   0x08000992   0x0000001e   Code   RO         5794    .text               mc_w.l(llshl.o)
    0x080009b0   0x080009b0   0x00000024   Code   RO         5796    .text               mc_w.l(llsshr.o)
    0x080009d4   0x080009d4   0x00000000   Code   RO         5805    .text               mc_w.l(iusefp.o)
    0x080009d4   0x080009d4   0x0000006e   Code   RO         5806    .text               mf_w.l(fepilogue.o)
    0x08000a42   0x08000a42   0x000000ba   Code   RO         5808    .text               mf_w.l(depilogue.o)
    0x08000afc   0x08000afc   0x0000002e   Code   RO         5810    .text               mf_w.l(dscalb.o)
    0x08000b2a   0x08000b2a   0x00000030   Code   RO         5812    .text               mf_w.l(dfixul.o)
    0x08000b5a   0x08000b5a   0x00000002   PAD
    0x08000b5c   0x08000b5c   0x00000030   Code   RO         5814    .text               mf_w.l(cdcmple.o)
    0x08000b8c   0x08000b8c   0x00000024   Code   RO         5816    .text               mc_w.l(init.o)
    0x08000bb0   0x08000bb0   0x000000a2   Code   RO         5818    .text               mf_w.l(dsqrt.o)
    0x08000c52   0x08000c52   0x0000001a   Code   RO         5820    .text               mf_w.l(dfltui.o)
    0x08000c6c   0x08000c6c   0x00000056   Code   RO         5830    .text               mc_w.l(__dczerorl2.o)
    0x08000cc2   0x08000cc2   0x00000004   Code   RO          477    i.BusFault_Handler  stm32f1xx_it.o
    0x08000cc6   0x08000cc6   0x00000002   PAD
    0x08000cc8   0x08000cc8   0x00000100   Code   RO         4583    i.Car_Task_100HZ    car_task.o
    0x08000dc8   0x08000dc8   0x00000014   Code   RO         4584    i.Car_Task_200HZ    car_task.o
    0x08000ddc   0x08000ddc   0x00000008   Code   RO         4585    i.Car_Task_5HZ      car_task.o
    0x08000de4   0x08000de4   0x000000b4   Code   RO         4586    i.Car_Task_Interaction  car_task.o
    0x08000e98   0x08000e98   0x00000010   Code   RO          478    i.DMA1_Channel2_IRQHandler  stm32f1xx_it.o
    0x08000ea8   0x08000ea8   0x00000010   Code   RO          479    i.DMA1_Channel3_IRQHandler  stm32f1xx_it.o
    0x08000eb8   0x08000eb8   0x0000002c   Code   RO         1055    i.DMA_SetConfig     stm32f1xx_hal_dma.o
    0x08000ee4   0x08000ee4   0x00000002   Code   RO          480    i.DebugMon_Handler  stm32f1xx_it.o
    0x08000ee6   0x08000ee6   0x0000000c   Code   RO          481    i.EXTI9_5_IRQHandler  stm32f1xx_it.o
    0x08000ef2   0x08000ef2   0x00000006   Code   RO           13    i.Error_Handler     main.o
    0x08000ef8   0x08000ef8   0x00000008   Code   RO         4764    i.Get_sys_time_ms   sys_time.o
    0x08000f00   0x08000f00   0x0000000c   Code   RO         4765    i.Get_sys_time_only_us  sys_time.o
    0x08000f0c   0x08000f0c   0x0000001c   Code   RO         4766    i.Get_sys_time_us   sys_time.o
    0x08000f28   0x08000f28   0x0000003c   Code   RO         4721    i.Getdistance       echo.o
    0x08000f64   0x08000f64   0x00000056   Code   RO         1056    i.HAL_DMA_Abort     stm32f1xx_hal_dma.o
    0x08000fba   0x08000fba   0x00000002   PAD
    0x08000fbc   0x08000fbc   0x000000b0   Code   RO         1057    i.HAL_DMA_Abort_IT  stm32f1xx_hal_dma.o
    0x0800106c   0x0800106c   0x0000019c   Code   RO         1061    i.HAL_DMA_IRQHandler  stm32f1xx_hal_dma.o
    0x08001208   0x08001208   0x00000068   Code   RO         1062    i.HAL_DMA_Init      stm32f1xx_hal_dma.o
    0x08001270   0x08001270   0x0000009c   Code   RO         1066    i.HAL_DMA_Start_IT  stm32f1xx_hal_dma.o
    0x0800130c   0x0800130c   0x00000028   Code   RO          677    i.HAL_Delay         stm32f1xx_hal.o
    0x08001334   0x08001334   0x00000144   Code   RO         4722    i.HAL_GPIO_EXTI_Callback  echo.o
    0x08001478   0x08001478   0x0000001c   Code   RO          991    i.HAL_GPIO_EXTI_IRQHandler  stm32f1xx_hal_gpio.o
    0x08001494   0x08001494   0x00000320   Code   RO          992    i.HAL_GPIO_Init     stm32f1xx_hal_gpio.o
    0x080017b4   0x080017b4   0x00000010   Code   RO          994    i.HAL_GPIO_ReadPin  stm32f1xx_hal_gpio.o
    0x080017c4   0x080017c4   0x00000014   Code   RO          995    i.HAL_GPIO_TogglePin  stm32f1xx_hal_gpio.o
    0x080017d8   0x080017d8   0x0000000c   Code   RO          996    i.HAL_GPIO_WritePin  stm32f1xx_hal_gpio.o
    0x080017e4   0x080017e4   0x0000000c   Code   RO          681    i.HAL_GetTick       stm32f1xx_hal.o
    0x080017f0   0x080017f0   0x00000018   Code   RO          687    i.HAL_IncTick       stm32f1xx_hal.o
    0x08001808   0x08001808   0x00000028   Code   RO          688    i.HAL_Init          stm32f1xx_hal.o
    0x08001830   0x08001830   0x00000088   Code   RO          595    i.HAL_InitTick      stm32f1xx_hal_timebase_tim.o
    0x080018b8   0x080018b8   0x00000060   Code   RO          571    i.HAL_MspInit       stm32f1xx_hal_msp.o
    0x08001918   0x08001918   0x00000020   Code   RO         1152    i.HAL_NVIC_EnableIRQ  stm32f1xx_hal_cortex.o
    0x08001938   0x08001938   0x0000007c   Code   RO         1158    i.HAL_NVIC_SetPriority  stm32f1xx_hal_cortex.o
    0x080019b4   0x080019b4   0x00000028   Code   RO         1159    i.HAL_NVIC_SetPriorityGrouping  stm32f1xx_hal_cortex.o
    0x080019dc   0x080019dc   0x0000018c   Code   RO          845    i.HAL_RCC_ClockConfig  stm32f1xx_hal_rcc.o
    0x08001b68   0x08001b68   0x00000044   Code   RO          849    i.HAL_RCC_GetClockConfig  stm32f1xx_hal_rcc.o
    0x08001bac   0x08001bac   0x0000000c   Code   RO          850    i.HAL_RCC_GetHCLKFreq  stm32f1xx_hal_rcc.o
    0x08001bb8   0x08001bb8   0x00000020   Code   RO          852    i.HAL_RCC_GetPCLK1Freq  stm32f1xx_hal_rcc.o
    0x08001bd8   0x08001bd8   0x00000020   Code   RO          853    i.HAL_RCC_GetPCLK2Freq  stm32f1xx_hal_rcc.o
    0x08001bf8   0x08001bf8   0x00000070   Code   RO          854    i.HAL_RCC_GetSysClockFreq  stm32f1xx_hal_rcc.o
    0x08001c68   0x08001c68   0x00000464   Code   RO          857    i.HAL_RCC_OscConfig  stm32f1xx_hal_rcc.o
    0x080020cc   0x080020cc   0x00000002   Code   RO         2395    i.HAL_TIMEx_BreakCallback  stm32f1xx_hal_tim_ex.o
    0x080020ce   0x080020ce   0x00000002   Code   RO         2396    i.HAL_TIMEx_CommutCallback  stm32f1xx_hal_tim_ex.o
    0x080020d0   0x080020d0   0x00000084   Code   RO         2414    i.HAL_TIMEx_MasterConfigSynchronization  stm32f1xx_hal_tim_ex.o
    0x08002154   0x08002154   0x00000066   Code   RO         1680    i.HAL_TIM_Base_Init  stm32f1xx_hal_tim.o
    0x080021ba   0x080021ba   0x00000002   Code   RO         1682    i.HAL_TIM_Base_MspInit  stm32f1xx_hal_tim.o
    0x080021bc   0x080021bc   0x00000078   Code   RO         1685    i.HAL_TIM_Base_Start_IT  stm32f1xx_hal_tim.o
    0x08002234   0x08002234   0x000000c4   Code   RO         1701    i.HAL_TIM_Encoder_Init  stm32f1xx_hal_tim.o
    0x080022f8   0x080022f8   0x000000c8   Code   RO          358    i.HAL_TIM_Encoder_MspInit  tim.o
    0x080023c0   0x080023c0   0x000000cc   Code   RO         1704    i.HAL_TIM_Encoder_Start  stm32f1xx_hal_tim.o
    0x0800248c   0x0800248c   0x00000002   Code   RO         1714    i.HAL_TIM_IC_CaptureCallback  stm32f1xx_hal_tim.o
    0x0800248e   0x0800248e   0x00000196   Code   RO         1728    i.HAL_TIM_IRQHandler  stm32f1xx_hal_tim.o
    0x08002624   0x08002624   0x00000058   Code   RO          359    i.HAL_TIM_MspPostInit  tim.o
    0x0800267c   0x0800267c   0x00000002   Code   RO         1731    i.HAL_TIM_OC_DelayElapsedCallback  stm32f1xx_hal_tim.o
    0x0800267e   0x0800267e   0x00000104   Code   RO         1752    i.HAL_TIM_PWM_ConfigChannel  stm32f1xx_hal_tim.o
    0x08002782   0x08002782   0x00000066   Code   RO         1755    i.HAL_TIM_PWM_Init  stm32f1xx_hal_tim.o
    0x080027e8   0x080027e8   0x00000044   Code   RO          361    i.HAL_TIM_PWM_MspInit  tim.o
    0x0800282c   0x0800282c   0x00000020   Code   RO           14    i.HAL_TIM_PWM_PulseFinishedCallback  main.o
    0x0800284c   0x0800284c   0x000000d4   Code   RO         1760    i.HAL_TIM_PWM_Start  stm32f1xx_hal_tim.o
    0x08002920   0x08002920   0x00000124   Code   RO         1762    i.HAL_TIM_PWM_Start_IT  stm32f1xx_hal_tim.o
    0x08002a44   0x08002a44   0x00000038   Code   RO           15    i.HAL_TIM_PeriodElapsedCallback  main.o
    0x08002a7c   0x08002a7c   0x00000002   Code   RO         1771    i.HAL_TIM_TriggerCallback  stm32f1xx_hal_tim.o
    0x08002a7e   0x08002a7e   0x00000002   Code   RO         2674    i.HAL_UARTEx_RxEventCallback  stm32f1xx_hal_uart.o
    0x08002a80   0x08002a80   0x00000002   Code   RO         2688    i.HAL_UART_ErrorCallback  stm32f1xx_hal_uart.o
    0x08002a82   0x08002a82   0x00000002   PAD
    0x08002a84   0x08002a84   0x000002e4   Code   RO         2691    i.HAL_UART_IRQHandler  stm32f1xx_hal_uart.o
    0x08002d68   0x08002d68   0x00000076   Code   RO         2692    i.HAL_UART_Init     stm32f1xx_hal_uart.o
    0x08002dde   0x08002dde   0x00000002   PAD
    0x08002de0   0x08002de0   0x0000017c   Code   RO          430    i.HAL_UART_MspInit  usart.o
    0x08002f5c   0x08002f5c   0x0000002c   Code   RO         2696    i.HAL_UART_Receive_DMA  stm32f1xx_hal_uart.o
    0x08002f88   0x08002f88   0x00000002   Code   RO         2698    i.HAL_UART_RxCpltCallback  stm32f1xx_hal_uart.o
    0x08002f8a   0x08002f8a   0x00000002   Code   RO         2699    i.HAL_UART_RxHalfCpltCallback  stm32f1xx_hal_uart.o
    0x08002f8c   0x08002f8c   0x00000002   Code   RO         2703    i.HAL_UART_TxCpltCallback  stm32f1xx_hal_uart.o
    0x08002f8e   0x08002f8e   0x00000004   Code   RO          482    i.HardFault_Handler  stm32f1xx_it.o
    0x08002f92   0x08002f92   0x00000002   PAD
    0x08002f94   0x08002f94   0x00000040   Code   RO         4416    i.IIC_Ack           iic.o
    0x08002fd4   0x08002fd4   0x0000000e   Code   RO         4418    i.IIC_Delay         iic.o
    0x08002fe2   0x08002fe2   0x00000002   PAD
    0x08002fe4   0x08002fe4   0x00000048   Code   RO         4419    i.IIC_GPIO_Init     iic.o
    0x0800302c   0x0800302c   0x00000034   Code   RO         4420    i.IIC_NAck          iic.o
    0x08003060   0x08003060   0x00000058   Code   RO         4421    i.IIC_Read_Byte     iic.o
    0x080030b8   0x080030b8   0x00000068   Code   RO         4422    i.IIC_Send_Byte     iic.o
    0x08003120   0x08003120   0x00000040   Code   RO         4423    i.IIC_Start         iic.o
    0x08003160   0x08003160   0x0000002c   Code   RO         4424    i.IIC_Stop          iic.o
    0x0800318c   0x0800318c   0x00000048   Code   RO         4425    i.IIC_Wait_Ack      iic.o
    0x080031d4   0x080031d4   0x00000074   Code   RO         4498    i.MPU_Read_Len      mpu6050.o
    0x08003248   0x08003248   0x00000060   Code   RO         4504    i.MPU_Write_Len     mpu6050.o
    0x080032a8   0x080032a8   0x00000044   Code   RO          333    i.MX_DMA_Init       dma.o
    0x080032ec   0x080032ec   0x0000007c   Code   RO          249    i.MX_FREERTOS_Init  freertos.o
    0x08003368   0x08003368   0x00000124   Code   RO          225    i.MX_GPIO_Init      gpio.o
    0x0800348c   0x0800348c   0x00000078   Code   RO          362    i.MX_TIM2_Init      tim.o
    0x08003504   0x08003504   0x000000ac   Code   RO          363    i.MX_TIM3_Init      tim.o
    0x080035b0   0x080035b0   0x0000007c   Code   RO          364    i.MX_TIM4_Init      tim.o
    0x0800362c   0x0800362c   0x00000038   Code   RO          431    i.MX_USART1_UART_Init  usart.o
    0x08003664   0x08003664   0x00000038   Code   RO          432    i.MX_USART3_UART_Init  usart.o
    0x0800369c   0x0800369c   0x00000004   Code   RO          483    i.MemManage_Handler  stm32f1xx_it.o
    0x080036a0   0x080036a0   0x00000004   Code   RO          484    i.NMI_Handler       stm32f1xx_it.o
    0x080036a4   0x080036a4   0x00000032   Code   RO         4650    i.PWM_Limiting      control.o
    0x080036d6   0x080036d6   0x00000002   PAD
    0x080036d8   0x080036d8   0x00000028   Code   RO          858    i.RCC_Delay         stm32f1xx_hal_rcc.o
    0x08003700   0x08003700   0x00000038   Code   RO         4651    i.Read_Encoder      control.o
    0x08003738   0x08003738   0x0000014c   Code   RO         4652    i.Set_PWM           control.o
    0x08003884   0x08003884   0x0000001c   Code   RO          250    i.StartTask_100HZ   freertos.o
    0x080038a0   0x080038a0   0x00000034   Code   RO          251    i.StartTask_200HZ   freertos.o
    0x080038d4   0x080038d4   0x0000000e   Code   RO          252    i.StartTask_5HZ     freertos.o
    0x080038e2   0x080038e2   0x0000000e   Code   RO          253    i.StartTask_Interaction  freertos.o
    0x080038f0   0x080038f0   0x00000034   Code   RO         4281    i.SysTick_Handler   port.o
    0x08003924   0x08003924   0x00000066   Code   RO           16    i.SystemClock_Config  main.o
    0x0800398a   0x0800398a   0x00000002   Code   RO         3036    i.SystemInit        system_stm32f1xx.o
    0x0800398c   0x0800398c   0x00000010   Code   RO          485    i.TIM1_UP_IRQHandler  stm32f1xx_it.o
    0x0800399c   0x0800399c   0x00000010   Code   RO          486    i.TIM3_IRQHandler   stm32f1xx_it.o
    0x080039ac   0x080039ac   0x00000074   Code   RO         1773    i.TIM_Base_SetConfig  stm32f1xx_hal_tim.o
    0x08003a20   0x08003a20   0x00000022   Code   RO         1774    i.TIM_CCxChannelCmd  stm32f1xx_hal_tim.o
    0x08003a42   0x08003a42   0x00000002   PAD
    0x08003a44   0x08003a44   0x00000060   Code   RO         1786    i.TIM_OC1_SetConfig  stm32f1xx_hal_tim.o
    0x08003aa4   0x08003aa4   0x00000068   Code   RO         1787    i.TIM_OC2_SetConfig  stm32f1xx_hal_tim.o
    0x08003b0c   0x08003b0c   0x00000068   Code   RO         1788    i.TIM_OC3_SetConfig  stm32f1xx_hal_tim.o
    0x08003b74   0x08003b74   0x00000048   Code   RO         1789    i.TIM_OC4_SetConfig  stm32f1xx_hal_tim.o
    0x08003bbc   0x08003bbc   0x00000058   Code   RO         4653    i.Turn_off          control.o
    0x08003c14   0x08003c14   0x00000014   Code   RO         2705    i.UART_DMAAbortOnError  stm32f1xx_hal_uart.o
    0x08003c28   0x08003c28   0x00000050   Code   RO         2706    i.UART_DMAError     stm32f1xx_hal_uart.o
    0x08003c78   0x08003c78   0x000000b4   Code   RO         2707    i.UART_DMAReceiveCplt  stm32f1xx_hal_uart.o
    0x08003d2c   0x08003d2c   0x00000024   Code   RO         2709    i.UART_DMARxHalfCplt  stm32f1xx_hal_uart.o
    0x08003d50   0x08003d50   0x0000006c   Code   RO         2715    i.UART_EndRxTransfer  stm32f1xx_hal_uart.o
    0x08003dbc   0x08003dbc   0x00000020   Code   RO         2716    i.UART_EndTransmit_IT  stm32f1xx_hal_uart.o
    0x08003ddc   0x08003ddc   0x00000026   Code   RO         2717    i.UART_EndTxTransfer  stm32f1xx_hal_uart.o
    0x08003e02   0x08003e02   0x000000fc   Code   RO         2718    i.UART_Receive_IT   stm32f1xx_hal_uart.o
    0x08003efe   0x08003efe   0x00000002   PAD
    0x08003f00   0x08003f00   0x000000fc   Code   RO         2719    i.UART_SetConfig    stm32f1xx_hal_uart.o
    0x08003ffc   0x08003ffc   0x000000c8   Code   RO         2720    i.UART_Start_Receive_DMA  stm32f1xx_hal_uart.o
    0x080040c4   0x080040c4   0x00000060   Code   RO         2722    i.UART_Transmit_IT  stm32f1xx_hal_uart.o
    0x08004124   0x08004124   0x00000010   Code   RO          487    i.USART3_IRQHandler  stm32f1xx_it.o
    0x08004134   0x08004134   0x00000004   Code   RO          488    i.UsageFault_Handler  stm32f1xx_it.o
    0x08004138   0x08004138   0x0000002c   Code   RO         4801    i.User_USART_Init   my_usart.o
    0x08004164   0x08004164   0x00000044   Code   RO         4654    i.Vertical_Ring_PD  control.o
    0x080041a8   0x080041a8   0x000000e8   Code   RO         4655    i.Vertical_speed_PI  control.o
    0x08004290   0x08004290   0x0000007c   Code   RO         4656    i.Vertical_turn_PD  control.o
    0x0800430c   0x0800430c   0x00000020   Code   RO         5658    i.__0printf         mc_w.l(printfa.o)
    0x0800432c   0x0800432c   0x00000028   Code   RO         5749    i.__ARM_fpclassify  m_ws.l(fpclassify.o)
    0x08004354   0x08004354   0x00000010   Code   RO         1165    i.__NVIC_GetPriorityGrouping  stm32f1xx_hal_cortex.o
    0x08004364   0x08004364   0x00000028   Code   RO         1166    i.__NVIC_SetPriority  stm32f1xx_hal_cortex.o
    0x0800438c   0x0800438c   0x00000388   Code   RO         5754    i.__ieee754_rem_pio2  m_ws.l(rred.o)
    0x08004714   0x08004714   0x000000fc   Code   RO         5732    i.__kernel_cos      m_ws.l(cos_i.o)
    0x08004810   0x08004810   0x000000aa   Code   RO         5751    i.__kernel_poly     m_ws.l(poly.o)
    0x080048ba   0x080048ba   0x00000002   PAD
    0x080048bc   0x080048bc   0x000000ec   Code   RO         5759    i.__kernel_sin      m_ws.l(sin_i.o)
    0x080049a8   0x080049a8   0x00000006   Code   RO         5736    i.__mathlib_dbl_infnan  m_ws.l(dunder.o)
    0x080049ae   0x080049ae   0x00000004   Code   RO         5737    i.__mathlib_dbl_infnan2  m_ws.l(dunder.o)
    0x080049b2   0x080049b2   0x0000000c   Code   RO         5738    i.__mathlib_dbl_invalid  m_ws.l(dunder.o)
    0x080049be   0x080049be   0x00000002   PAD
    0x080049c0   0x080049c0   0x00000010   Code   RO         5741    i.__mathlib_dbl_underflow  m_ws.l(dunder.o)
    0x080049d0   0x080049d0   0x0000000e   Code   RO         5824    i.__scatterload_copy  mc_w.l(handlers.o)
    0x080049de   0x080049de   0x00000002   Code   RO         5825    i.__scatterload_null  mc_w.l(handlers.o)
    0x080049e0   0x080049e0   0x0000000e   Code   RO         5826    i.__scatterload_zeroinit  mc_w.l(handlers.o)
    0x080049ee   0x080049ee   0x00000002   PAD
    0x080049f0   0x080049f0   0x0000000c   Code   RO         5800    i.__set_errno       mc_w.l(errno.o)
    0x080049fc   0x080049fc   0x00000184   Code   RO         5665    i._fp_digits        mc_w.l(printfa.o)
    0x08004b80   0x08004b80   0x000006b4   Code   RO         5666    i._printf_core      mc_w.l(printfa.o)
    0x08005234   0x08005234   0x00000024   Code   RO         5667    i._printf_post_padding  mc_w.l(printfa.o)
    0x08005258   0x08005258   0x0000002e   Code   RO         5668    i._printf_pre_padding  mc_w.l(printfa.o)
    0x08005286   0x08005286   0x00000002   PAD
    0x08005288   0x08005288   0x000000a8   Code   RO         4839    i.accel_self_test   inv_mpu.o
    0x08005330   0x08005330   0x00000270   Code   RO         5383    i.asin              m_ws.l(asin.o)
    0x080055a0   0x080055a0   0x00000220   Code   RO         5723    i.atan              m_ws.l(atan.o)
    0x080057c0   0x080057c0   0x0000019c   Code   RO         5393    i.atan2             m_ws.l(atan2.o)
    0x0800595c   0x0800595c   0x0000009c   Code   RO         5401    i.cos               m_ws.l(cos.o)
    0x080059f8   0x080059f8   0x00000064   Code   RO         5191    i.decode_gesture    inv_mpu_dmp_motion_driver.o
    0x08005a5c   0x08005a5c   0x0000003c   Code   RO         5192    i.dmp_enable_6x_lp_quat  inv_mpu_dmp_motion_driver.o
    0x08005a98   0x08005a98   0x0000021c   Code   RO         5193    i.dmp_enable_feature  inv_mpu_dmp_motion_driver.o
    0x08005cb4   0x08005cb4   0x00000058   Code   RO         5194    i.dmp_enable_gyro_cal  inv_mpu_dmp_motion_driver.o
    0x08005d0c   0x08005d0c   0x0000003c   Code   RO         5195    i.dmp_enable_lp_quat  inv_mpu_dmp_motion_driver.o
    0x08005d48   0x08005d48   0x00000018   Code   RO         5200    i.dmp_load_motion_driver_firmware  inv_mpu_dmp_motion_driver.o
    0x08005d60   0x08005d60   0x000001cc   Code   RO         5201    i.dmp_read_fifo     inv_mpu_dmp_motion_driver.o
    0x08005f2c   0x08005f2c   0x00000130   Code   RO         5204    i.dmp_set_accel_bias  inv_mpu_dmp_motion_driver.o
    0x0800605c   0x0800605c   0x00000070   Code   RO         5205    i.dmp_set_fifo_rate  inv_mpu_dmp_motion_driver.o
    0x080060cc   0x080060cc   0x00000130   Code   RO         5206    i.dmp_set_gyro_bias  inv_mpu_dmp_motion_driver.o
    0x080061fc   0x080061fc   0x00000138   Code   RO         5208    i.dmp_set_orientation  inv_mpu_dmp_motion_driver.o
    0x08006334   0x08006334   0x00000038   Code   RO         5211    i.dmp_set_shake_reject_thresh  inv_mpu_dmp_motion_driver.o
    0x0800636c   0x0800636c   0x00000026   Code   RO         5212    i.dmp_set_shake_reject_time  inv_mpu_dmp_motion_driver.o
    0x08006392   0x08006392   0x00000026   Code   RO         5213    i.dmp_set_shake_reject_timeout  inv_mpu_dmp_motion_driver.o
    0x080063b8   0x080063b8   0x00000046   Code   RO         5214    i.dmp_set_tap_axes  inv_mpu_dmp_motion_driver.o
    0x080063fe   0x080063fe   0x00000026   Code   RO         5215    i.dmp_set_tap_count  inv_mpu_dmp_motion_driver.o
    0x08006424   0x08006424   0x000001a0   Code   RO         5216    i.dmp_set_tap_thresh  inv_mpu_dmp_motion_driver.o
    0x080065c4   0x080065c4   0x00000026   Code   RO         5217    i.dmp_set_tap_time  inv_mpu_dmp_motion_driver.o
    0x080065ea   0x080065ea   0x00000026   Code   RO         5218    i.dmp_set_tap_time_multi  inv_mpu_dmp_motion_driver.o
    0x08006610   0x08006610   0x00000034   Code   RO           18    i.fputc             main.o
    0x08006644   0x08006644   0x000000b4   Code   RO         4840    i.get_accel_prod_shift  inv_mpu.o
    0x080066f8   0x080066f8   0x0000046c   Code   RO         4841    i.get_st_biases     inv_mpu.o
    0x08006b64   0x08006b64   0x00000110   Code   RO         4842    i.gyro_self_test    inv_mpu.o
    0x08006c74   0x08006c74   0x00000028   Code   RO         4843    i.inv_orientation_matrix_to_scalar  inv_mpu.o
    0x08006c9c   0x08006c9c   0x0000004e   Code   RO         4844    i.inv_row_2_scale   inv_mpu.o
    0x08006cea   0x08006cea   0x00000002   PAD
    0x08006cec   0x08006cec   0x000000a8   Code   RO           19    i.main              main.o
    0x08006d94   0x08006d94   0x0000000e   Code   RO         3852    i.makeFreeRtosPriority  cmsis_os.o
    0x08006da2   0x08006da2   0x00000002   Code   RO         4845    i.mget_ms           inv_mpu.o
    0x08006da4   0x08006da4   0x00000070   Code   RO         4846    i.mpu_configure_fifo  inv_mpu.o
    0x08006e14   0x08006e14   0x00000300   Code   RO         4847    i.mpu_dmp_get_data  inv_mpu.o
    0x08007114   0x08007114   0x000000a0   Code   RO         4848    i.mpu_dmp_init      inv_mpu.o
    0x080071b4   0x080071b4   0x0000004c   Code   RO         4849    i.mpu_get_accel_fsr  inv_mpu.o
    0x08007200   0x08007200   0x00000054   Code   RO         4851    i.mpu_get_accel_sens  inv_mpu.o
    0x08007254   0x08007254   0x00000010   Code   RO         4856    i.mpu_get_fifo_config  inv_mpu.o
    0x08007264   0x08007264   0x00000044   Code   RO         4857    i.mpu_get_gyro_fsr  inv_mpu.o
    0x080072a8   0x080072a8   0x00000050   Code   RO         4859    i.mpu_get_gyro_sens  inv_mpu.o
    0x080072f8   0x080072f8   0x00000050   Code   RO         4861    i.mpu_get_lpf       inv_mpu.o
    0x08007348   0x08007348   0x00000020   Code   RO         4863    i.mpu_get_sample_rate  inv_mpu.o
    0x08007368   0x08007368   0x000001f0   Code   RO         4865    i.mpu_init          inv_mpu.o
    0x08007558   0x08007558   0x000000b8   Code   RO         4866    i.mpu_load_firmware  inv_mpu.o
    0x08007610   0x08007610   0x000000e0   Code   RO         4867    i.mpu_lp_accel_mode  inv_mpu.o
    0x080076f0   0x080076f0   0x000000c0   Code   RO         4870    i.mpu_read_fifo_stream  inv_mpu.o
    0x080077b0   0x080077b0   0x00000080   Code   RO         4871    i.mpu_read_mem      inv_mpu.o
    0x08007830   0x08007830   0x000001c8   Code   RO         4874    i.mpu_reset_fifo    inv_mpu.o
    0x080079f8   0x080079f8   0x0000011c   Code   RO         4875    i.mpu_run_self_test  inv_mpu.o
    0x08007b14   0x08007b14   0x00000084   Code   RO         4877    i.mpu_set_accel_fsr  inv_mpu.o
    0x08007b98   0x08007b98   0x0000014c   Code   RO         4878    i.mpu_set_bypass    inv_mpu.o
    0x08007ce4   0x08007ce4   0x00000090   Code   RO         4880    i.mpu_set_dmp_state  inv_mpu.o
    0x08007d74   0x08007d74   0x00000088   Code   RO         4881    i.mpu_set_gyro_fsr  inv_mpu.o
    0x08007dfc   0x08007dfc   0x0000006c   Code   RO         4882    i.mpu_set_int_latched  inv_mpu.o
    0x08007e68   0x08007e68   0x00000084   Code   RO         4884    i.mpu_set_lpf       inv_mpu.o
    0x08007eec   0x08007eec   0x0000009c   Code   RO         4885    i.mpu_set_sample_rate  inv_mpu.o
    0x08007f88   0x08007f88   0x000000d0   Code   RO         4886    i.mpu_set_sensors   inv_mpu.o
    0x08008058   0x08008058   0x00000080   Code   RO         4887    i.mpu_write_mem     inv_mpu.o
    0x080080d8   0x080080d8   0x00000018   Code   RO         3854    i.osDelay           cmsis_os.o
    0x080080f0   0x080080f0   0x0000000a   Code   RO         3857    i.osKernelStart     cmsis_os.o
    0x080080fa   0x080080fa   0x0000005e   Code   RO         3891    i.osThreadCreate    cmsis_os.o
    0x08008158   0x08008158   0x00000098   Code   RO         3538    i.prvAddCurrentTaskToDelayedList  tasks.o
    0x080081f0   0x080081f0   0x000000b4   Code   RO         3539    i.prvAddNewTaskToReadyList  tasks.o
    0x080082a4   0x080082a4   0x00000048   Code   RO         3540    i.prvCheckTasksWaitingTermination  tasks.o
    0x080082ec   0x080082ec   0x00000050   Code   RO         3541    i.prvDeleteTCB      tasks.o
    0x0800833c   0x0800833c   0x0000007c   Code   RO         4219    i.prvHeapInit       heap_4.o
    0x080083b8   0x080083b8   0x00000028   Code   RO         3542    i.prvIdleTask       tasks.o
    0x080083e0   0x080083e0   0x000000aa   Code   RO         3543    i.prvInitialiseNewTask  tasks.o
    0x0800848a   0x0800848a   0x00000002   PAD
    0x0800848c   0x0800848c   0x00000068   Code   RO         3544    i.prvInitialiseTaskLists  tasks.o
    0x080084f4   0x080084f4   0x00000068   Code   RO         4220    i.prvInsertBlockIntoFreeList  heap_4.o
    0x0800855c   0x0800855c   0x00000034   Code   RO         3545    i.prvResetNextTaskUnblockTime  tasks.o
    0x08008590   0x08008590   0x00000040   Code   RO         4282    i.prvTaskExitError  port.o
    0x080085d0   0x080085d0   0x0000013c   Code   RO         4221    i.pvPortMalloc      heap_4.o
    0x0800870c   0x0800870c   0x00000024   Code   RO         4283    i.pxPortInitialiseStack  port.o
    0x08008730   0x08008730   0x00000098   Code   RO         4888    i.run_self_test     inv_mpu.o
    0x080087c8   0x080087c8   0x00000090   Code   RO         4889    i.set_int_enable    inv_mpu.o
    0x08008858   0x08008858   0x0000004c   Code   RO         5766    i.sqrt              m_ws.l(sqrt.o)
    0x080088a4   0x080088a4   0x00000028   Code   RO         3173    i.uxListRemove      list.o
    0x080088cc   0x080088cc   0x00000018   Code   RO          254    i.vApplicationGetIdleTaskMemory  freertos.o
    0x080088e4   0x080088e4   0x0000001a   Code   RO         3174    i.vListInitialise   list.o
    0x080088fe   0x080088fe   0x00000006   Code   RO         3175    i.vListInitialiseItem  list.o
    0x08008904   0x08008904   0x00000034   Code   RO         3176    i.vListInsert       list.o
    0x08008938   0x08008938   0x00000018   Code   RO         3177    i.vListInsertEnd    list.o
    0x08008950   0x08008950   0x00000054   Code   RO         4285    i.vPortEnterCritical  port.o
    0x080089a4   0x080089a4   0x0000003c   Code   RO         4286    i.vPortExitCritical  port.o
    0x080089e0   0x080089e0   0x00000094   Code   RO         4222    i.vPortFree         heap_4.o
    0x08008a74   0x08008a74   0x00000028   Code   RO         4287    i.vPortSetupTimerInterrupt  port.o
    0x08008a9c   0x08008a9c   0x0000005c   Code   RO         3553    i.vTaskDelay        tasks.o
    0x08008af8   0x08008af8   0x000000b0   Code   RO         3566    i.vTaskStartScheduler  tasks.o
    0x08008ba8   0x08008ba8   0x00000010   Code   RO         3568    i.vTaskSuspendAll   tasks.o
    0x08008bb8   0x08008bb8   0x0000008c   Code   RO         3569    i.vTaskSwitchContext  tasks.o
    0x08008c44   0x08008c44   0x000000f8   Code   RO         4289    i.xPortStartScheduler  port.o
    0x08008d3c   0x08008d3c   0x00000064   Code   RO         3571    i.xTaskCreate       tasks.o
    0x08008da0   0x08008da0   0x000000b8   Code   RO         3572    i.xTaskCreateStatic  tasks.o
    0x08008e58   0x08008e58   0x00000148   Code   RO         3579    i.xTaskIncrementTick  tasks.o
    0x08008fa0   0x08008fa0   0x00000104   Code   RO         3585    i.xTaskResumeAll    tasks.o
    0x080090a4   0x080090a4   0x00000070   Data   RO          256    .constdata          freertos.o
    0x08009114   0x08009114   0x00000012   Data   RO          859    .constdata          stm32f1xx_hal_rcc.o
    0x08009126   0x08009126   0x00000018   Data   RO         3037    .constdata          system_stm32f1xx.o
    0x0800913e   0x0800913e   0x00000002   PAD
    0x08009140   0x08009140   0x00000050   Data   RO         4891    .constdata          inv_mpu.o
    0x08009190   0x08009190   0x00000bf6   Data   RO         5220    .constdata          inv_mpu_dmp_motion_driver.o
    0x08009d86   0x08009d86   0x00000002   PAD
    0x08009d88   0x08009d88   0x00000050   Data   RO         5384    .constdata          m_ws.l(asin.o)
    0x08009dd8   0x08009dd8   0x00000098   Data   RO         5724    .constdata          m_ws.l(atan.o)
    0x08009e70   0x08009e70   0x00000030   Data   RO         5733    .constdata          m_ws.l(cos_i.o)
    0x08009ea0   0x08009ea0   0x00000008   Data   RO         5753    .constdata          m_ws.l(qnan.o)
    0x08009ea8   0x08009ea8   0x000000c8   Data   RO         5756    .constdata          m_ws.l(rred.o)
    0x08009f70   0x08009f70   0x00000028   Data   RO         5760    .constdata          m_ws.l(sin_i.o)
    0x08009f98   0x08009f98   0x00000034   Data   RO          257    .conststring        freertos.o
    0x08009fcc   0x08009fcc   0x0000004d   Data   RO         4892    .conststring        inv_mpu.o
    0x0800a019   0x0800a019   0x00000003   PAD
    0x0800a01c   0x0800a01c   0x00000020   Data   RO         5822    Region$$Table       anon$$obj.o


    Execution Region RW_IRAM1 (Exec base: 0x20000000, Load base: 0x0800a03c, Size: 0x00001718, Max: 0x00005000, ABSOLUTE, COMPRESSED[0x0000002c])

    Exec Addr    Load Addr    Size         Type   Attr      Idx    E Section Name        Object

    0x20000000   COMPRESSED   0x00000014   Data   RW          258    .data               freertos.o
    0x20000014   COMPRESSED   0x00000009   Data   RW          695    .data               stm32f1xx_hal.o
    0x2000001d   COMPRESSED   0x00000003   PAD
    0x20000020   COMPRESSED   0x00000004   Data   RW         3038    .data               system_stm32f1xx.o
    0x20000024   COMPRESSED   0x0000003c   Data   RW         3588    .data               tasks.o
    0x20000060   COMPRESSED   0x00000018   Data   RW         4227    .data               heap_4.o
    0x20000078   COMPRESSED   0x0000000c   Data   RW         4290    .data               port.o
    0x20000084   COMPRESSED   0x00000034   Data   RW         4588    .data               car_task.o
    0x200000b8   COMPRESSED   0x0000003c   Data   RW         4657    .data               control.o
    0x200000f4   COMPRESSED   0x00000018   Data   RW         4723    .data               echo.o
    0x2000010c   COMPRESSED   0x00000035   Data   RW         4893    .data               inv_mpu.o
    0x20000141   COMPRESSED   0x00000003   PAD
    0x20000144   COMPRESSED   0x00000004   Data   RW         5789    .data               mc_w.l(stdout.o)
    0x20000148   COMPRESSED   0x00000004   Data   RW         5801    .data               mc_w.l(errno.o)
    0x2000014c        -       0x00000254   Zero   RW          255    .bss                freertos.o
    0x200003a0        -       0x000000d8   Zero   RW          365    .bss                tim.o
    0x20000478        -       0x00000118   Zero   RW          433    .bss                usart.o
    0x20000590        -       0x00000048   Zero   RW          598    .bss                stm32f1xx_hal_timebase_tim.o
    0x200005d8        -       0x000000f0   Zero   RW         3587    .bss                tasks.o
    0x200006c8        -       0x00000c00   Zero   RW         4226    .bss                heap_4.o
    0x200012c8        -       0x00000018   Zero   RW         4587    .bss                car_task.o
    0x200012e0        -       0x00000028   Zero   RW         4802    .bss                my_usart.o
    0x20001308        -       0x00000010   Zero   RW         5219    .bss                inv_mpu_dmp_motion_driver.o
    0x20001318        -       0x00000400   Zero   RW            1    STACK               startup_stm32f103xb.o


==============================================================================

Image component sizes


      Code (inc. data)   RO Data    RW Data    ZI Data      Debug   Object Name

       464        130          0         52         24       3050   car_task.o
       142          0          0          0          0      22051   cmsis_os.o
       950         94          0         60          0       5515   control.o
         0          0          0          0          0       1368   delay.o
        68          4          0          0          0        722   dma.o
       384         64          0         24          0       2005   echo.o
         0          0          0          0          0      18176   event_groups.o
       256         40        164         20        596       4242   freertos.o
       292         20          0          0          0        975   gpio.o
       692         62          0         24       3072       7207   heap_4.o
       574         38          0          0          0       5275   iic.o
      7084        362        157         53          0      30156   inv_mpu.o
      3096        122       3062          0         16      20018   inv_mpu_dmp_motion_driver.o
       148          0          0          0          0       3394   list.o
       416         48          0          0          0     461700   main.o
       212          0          0          0          0       1939   mpu6050.o
        44          0          0          0         40       1824   my_usart.o
       734         64          0         12          0      10356   port.o
        36          8        236          0       1024        800   startup_stm32f103xb.o
       116         24          0          9          0       5214   stm32f1xx_hal.o
       252         22          0          0          0      28646   stm32f1xx_hal_cortex.o
       978         12          0          0          0       4838   stm32f1xx_hal_dma.o
       876         38          0          0          0       4515   stm32f1xx_hal_gpio.o
        96         10          0          0          0        862   stm32f1xx_hal_msp.o
      1816        108         18          0          0       6557   stm32f1xx_hal_rcc.o
      2428         72          0          0          0      14275   stm32f1xx_hal_tim.o
       136         14          0          0          0       2413   stm32f1xx_hal_tim_ex.o
       136         18          0          0         72       1427   stm32f1xx_hal_timebase_tim.o
      2206         22          0          0          0      13918   stm32f1xx_hal_uart.o
       114         30          0          0          0       5243   stm32f1xx_it.o
         0          0          0          0          0        392   stream_buffer.o
        48         12          0          0          0       1451   sys_time.o
         2          0         24          4          0       1087   system_stm32f1xx.o
      2146        270          0         60        240      16897   tasks.o
       772         66          0          0        216       4219   tim.o
       492         54          0          0        280       2405   usart.o

    ----------------------------------------------------------------------
     28230       1828       3700        324       5580     715132   Object Totals
         0          0         32          0          0          0   (incl. Generated)
        24          0          7          6          0          0   (incl. Padding)

    ----------------------------------------------------------------------

      Code (inc. data)   RO Data    RW Data    ZI Data      Debug   Library Member Name

       624         52         80          0          0        168   asin.o
       544         70        152          0          0        124   atan.o
       412         38          0          0          0        144   atan2.o
       156          8          0          0          0        104   cos.o
       252         22         48          0          0        124   cos_i.o
        38          6          0          0          0        272   dunder.o
        40          0          0          0          0         68   fpclassify.o
       170          0          0          0          0         96   poly.o
         0          0          8          0          0          0   qnan.o
       904         76        200          0          0        140   rred.o
       236         12         40          0          0        128   sin_i.o
        76          0          0          0          0         84   sqrt.o
        86          0          0          0          0          0   __dczerorl2.o
         0          0          0          0          0          0   entry.o
         0          0          0          0          0          0   entry10a.o
         0          0          0          0          0          0   entry11a.o
         4          0          0          0          0          0   entry12b.o
         8          4          0          0          0          0   entry2.o
         4          0          0          0          0          0   entry5.o
         0          0          0          0          0          0   entry7b.o
         0          0          0          0          0          0   entry8b.o
         8          4          0          0          0          0   entry9a.o
        12          6          0          4          0         68   errno.o
        30          0          0          0          0          0   handlers.o
        36          8          0          0          0         68   init.o
         0          0          0          0          0          0   iusefp.o
        98          0          0          0          0         84   ldiv.o
        30          0          0          0          0         68   llshl.o
        36          0          0          0          0         68   llsshr.o
        32          0          0          0          0         68   llushr.o
        26          0          0          0          0         80   memcmp.o
        36          0          0          0          0         68   memcpya.o
        36          0          0          0          0        108   memseta.o
      2218         90          0          0          0        464   printfa.o
         0          0          0          4          0          0   stdout.o
        44          0          0          0          0         80   uidiv.o
        98          0          0          0          0         92   uldiv.o
        48          0          0          0          0         68   cdcmple.o
        48          0          0          0          0         68   cdrcmple.o
        20          0          0          0          0         68   cfcmple.o
        20          0          0          0          0         68   cfrcmple.o
        56          0          0          0          0         88   d2f.o
       334          0          0          0          0        148   dadd.o
       222          0          0          0          0        100   ddiv.o
       186          0          0          0          0        176   depilogue.o
        62          0          0          0          0         80   dfixi.o
        50          0          0          0          0         76   dfixui.o
        48          0          0          0          0         68   dfixul.o
        34          0          0          0          0         76   dflti.o
        26          0          0          0          0         76   dfltui.o
       228          0          0          0          0         96   dmul.o
        46          0          0          0          0         80   dscalb.o
       162          0          0          0          0        100   dsqrt.o
        38          0          0          0          0         68   f2d.o
       176          0          0          0          0        140   fadd.o
       124          0          0          0          0         88   fdiv.o
       110          0          0          0          0        168   fepilogue.o
        50          0          0          0          0         68   ffixi.o
        40          0          0          0          0         68   ffixui.o
        18          0          0          0          0         68   fflti.o
        10          0          0          0          0         68   ffltui.o
       100          0          0          0          0         76   fmul.o

    ----------------------------------------------------------------------
      8562        396        528          8          0       5016   Library Totals
        12          0          0          0          0          0   (incl. Padding)

    ----------------------------------------------------------------------

      Code (inc. data)   RO Data    RW Data    ZI Data      Debug   Library Name

      3452        284        528          0          0       1452   m_ws.l
      2842        112          0          8          0       1316   mc_w.l
      2256          0          0          0          0       2248   mf_w.l

    ----------------------------------------------------------------------
      8562        396        528          8          0       5016   Library Totals

    ----------------------------------------------------------------------

==============================================================================


      Code (inc. data)   RO Data    RW Data    ZI Data      Debug   

     36792       2224       4228        332       5580     706132   Grand Totals
     36792       2224       4228         44       5580     706132   ELF Image Totals (compressed)
     36792       2224       4228         44          0          0   ROM Totals

==============================================================================

    Total RO  Size (Code + RO Data)                41020 (  40.06kB)
    Total RW  Size (RW Data + ZI Data)              5912 (   5.77kB)
    Total ROM Size (Code + RO Data + RW Data)      41064 (  40.10kB)

==============================================================================

